Archive member included to satisfy reference by file (symbol)

c:/program files (x86)/embedded toolchain/gnu tools arm embedded/7 2017-q4-major/bin/../lib/gcc/arm-none-eabi/7.2.1/../../../../arm-none-eabi/lib/thumb/v7-m\libc_nano.a(lib_a-errno.o)
                              build/syscalls.o (__errno)
c:/program files (x86)/embedded toolchain/gnu tools arm embedded/7 2017-q4-major/bin/../lib/gcc/arm-none-eabi/7.2.1/../../../../arm-none-eabi/lib/thumb/v7-m\libc_nano.a(lib_a-exit.o)
                              c:/program files (x86)/embedded toolchain/gnu tools arm embedded/7 2017-q4-major/bin/../lib/gcc/arm-none-eabi/7.2.1/../../../../arm-none-eabi/lib/thumb/v7-m/crt0.o (exit)
c:/program files (x86)/embedded toolchain/gnu tools arm embedded/7 2017-q4-major/bin/../lib/gcc/arm-none-eabi/7.2.1/../../../../arm-none-eabi/lib/thumb/v7-m\libc_nano.a(lib_a-impure.o)
                              c:/program files (x86)/embedded toolchain/gnu tools arm embedded/7 2017-q4-major/bin/../lib/gcc/arm-none-eabi/7.2.1/../../../../arm-none-eabi/lib/thumb/v7-m\libc_nano.a(lib_a-exit.o) (_global_impure_ptr)
c:/program files (x86)/embedded toolchain/gnu tools arm embedded/7 2017-q4-major/bin/../lib/gcc/arm-none-eabi/7.2.1/../../../../arm-none-eabi/lib/thumb/v7-m\libc_nano.a(lib_a-init.o)
                              c:/program files (x86)/embedded toolchain/gnu tools arm embedded/7 2017-q4-major/bin/../lib/gcc/arm-none-eabi/7.2.1/../../../../arm-none-eabi/lib/thumb/v7-m/crt0.o (__libc_init_array)
c:/program files (x86)/embedded toolchain/gnu tools arm embedded/7 2017-q4-major/bin/../lib/gcc/arm-none-eabi/7.2.1/../../../../arm-none-eabi/lib/thumb/v7-m\libc_nano.a(lib_a-malloc.o)
                              build/stm32_ff_link.o (malloc)
c:/program files (x86)/embedded toolchain/gnu tools arm embedded/7 2017-q4-major/bin/../lib/gcc/arm-none-eabi/7.2.1/../../../../arm-none-eabi/lib/thumb/v7-m\libc_nano.a(lib_a-memcpy-stub.o)
                              build/main.o (memcpy)
c:/program files (x86)/embedded toolchain/gnu tools arm embedded/7 2017-q4-major/bin/../lib/gcc/arm-none-eabi/7.2.1/../../../../arm-none-eabi/lib/thumb/v7-m\libc_nano.a(lib_a-memset.o)
                              c:/program files (x86)/embedded toolchain/gnu tools arm embedded/7 2017-q4-major/bin/../lib/gcc/arm-none-eabi/7.2.1/../../../../arm-none-eabi/lib/thumb/v7-m/crt0.o (memset)
c:/program files (x86)/embedded toolchain/gnu tools arm embedded/7 2017-q4-major/bin/../lib/gcc/arm-none-eabi/7.2.1/../../../../arm-none-eabi/lib/thumb/v7-m\libc_nano.a(lib_a-nano-freer.o)
                              c:/program files (x86)/embedded toolchain/gnu tools arm embedded/7 2017-q4-major/bin/../lib/gcc/arm-none-eabi/7.2.1/../../../../arm-none-eabi/lib/thumb/v7-m\libc_nano.a(lib_a-malloc.o) (_free_r)
c:/program files (x86)/embedded toolchain/gnu tools arm embedded/7 2017-q4-major/bin/../lib/gcc/arm-none-eabi/7.2.1/../../../../arm-none-eabi/lib/thumb/v7-m\libc_nano.a(lib_a-nano-mallocr.o)
                              c:/program files (x86)/embedded toolchain/gnu tools arm embedded/7 2017-q4-major/bin/../lib/gcc/arm-none-eabi/7.2.1/../../../../arm-none-eabi/lib/thumb/v7-m\libc_nano.a(lib_a-malloc.o) (_malloc_r)
c:/program files (x86)/embedded toolchain/gnu tools arm embedded/7 2017-q4-major/bin/../lib/gcc/arm-none-eabi/7.2.1/../../../../arm-none-eabi/lib/thumb/v7-m\libc_nano.a(lib_a-sbrkr.o)
                              c:/program files (x86)/embedded toolchain/gnu tools arm embedded/7 2017-q4-major/bin/../lib/gcc/arm-none-eabi/7.2.1/../../../../arm-none-eabi/lib/thumb/v7-m\libc_nano.a(lib_a-nano-mallocr.o) (_sbrk_r)
c:/program files (x86)/embedded toolchain/gnu tools arm embedded/7 2017-q4-major/bin/../lib/gcc/arm-none-eabi/7.2.1/../../../../arm-none-eabi/lib/thumb/v7-m\libc_nano.a(lib_a-sprintf.o)
                              build/main.o (sprintf)
c:/program files (x86)/embedded toolchain/gnu tools arm embedded/7 2017-q4-major/bin/../lib/gcc/arm-none-eabi/7.2.1/../../../../arm-none-eabi/lib/thumb/v7-m\libc_nano.a(lib_a-strlen.o)
                              build/main.o (strlen)
c:/program files (x86)/embedded toolchain/gnu tools arm embedded/7 2017-q4-major/bin/../lib/gcc/arm-none-eabi/7.2.1/../../../../arm-none-eabi/lib/thumb/v7-m\libc_nano.a(lib_a-mlock.o)
                              c:/program files (x86)/embedded toolchain/gnu tools arm embedded/7 2017-q4-major/bin/../lib/gcc/arm-none-eabi/7.2.1/../../../../arm-none-eabi/lib/thumb/v7-m\libc_nano.a(lib_a-nano-freer.o) (__malloc_lock)
c:/program files (x86)/embedded toolchain/gnu tools arm embedded/7 2017-q4-major/bin/../lib/gcc/arm-none-eabi/7.2.1/../../../../arm-none-eabi/lib/thumb/v7-m\libc_nano.a(lib_a-nano-svfprintf.o)
                              c:/program files (x86)/embedded toolchain/gnu tools arm embedded/7 2017-q4-major/bin/../lib/gcc/arm-none-eabi/7.2.1/../../../../arm-none-eabi/lib/thumb/v7-m\libc_nano.a(lib_a-sprintf.o) (_svfprintf_r)
[...]
Memory Configuration

Name             Origin             Length             Attributes
RAM              0x20000000         0x00005000         xrw
FLASH            0x08000000         0x00010000         xr
*default*        0x00000000         0xffffffff

Linker script and memory map

LOAD c:/program files (x86)/embedded toolchain/gnu tools arm embedded/7 2017-q4-major/bin/../lib/gcc/arm-none-eabi/7.2.1/thumb/v7-m/crti.o
LOAD c:/program files (x86)/embedded toolchain/gnu tools arm embedded/7 2017-q4-major/bin/../lib/gcc/arm-none-eabi/7.2.1/thumb/v7-m/crtbegin.o
LOAD c:/program files (x86)/embedded toolchain/gnu tools arm embedded/7 2017-q4-major/bin/../lib/gcc/arm-none-eabi/7.2.1/../../../../arm-none-eabi/lib/thumb/v7-m/crt0.o
LOAD build/stm32f1xx_hal.o
LOAD build/stm32f1xx_hal_adc.o
LOAD build/stm32f1xx_hal_adc_ex.o
LOAD build/stm32f1xx_hal_cortex.o
LOAD build/stm32f1xx_hal_dma.o
LOAD build/stm32f1xx_hal_flash.o
LOAD build/stm32f1xx_hal_flash_ex.o
LOAD build/stm32f1xx_hal_gpio.o
LOAD build/stm32f1xx_hal_gpio_ex.o
LOAD build/stm32f1xx_hal_i2c.o
LOAD build/stm32f1xx_hal_pcd.o
LOAD build/stm32f1xx_hal_pcd_ex.o
LOAD build/stm32f1xx_hal_pwr.o
LOAD build/stm32f1xx_hal_rcc.o
LOAD build/stm32f1xx_hal_rcc_ex.o
LOAD build/stm32f1xx_hal_spi.o
LOAD build/stm32f1xx_hal_spi_ex.o
LOAD build/stm32f1xx_hal_tim.o
LOAD build/stm32f1xx_hal_tim_ex.o
LOAD build/stm32f1xx_hal_uart.o
LOAD build/stm32f1xx_ll_usb.o
LOAD build/diskio.o
LOAD build/ff.o
LOAD build/cc932.o
LOAD build/cc936.o
LOAD build/cc949.o
LOAD build/cc950.o
LOAD build/ccsbcs.o
LOAD build/syscall.o
LOAD build/unicode.o
LOAD build/stm32_ff_link.o
LOAD build/adc.o
LOAD build/dma.o
LOAD build/gpio.o
LOAD build/i2c.o
LOAD build/main.o
LOAD build/spi.o
LOAD build/stm32f1xx_hal_msp.o
LOAD build/stm32f1xx_it.o
LOAD build/system_stm32f1xx.o
LOAD build/tim.o
LOAD build/usart.o
LOAD build/usb.o
LOAD build/syscalls.o
LOAD build/startup_stm32f103xb.o
LOAD c:/program files (x86)/embedded toolchain/gnu tools arm embedded/7 2017-q4-major/bin/../lib/gcc/arm-none-eabi/7.2.1/../../../../arm-none-eabi/lib/thumb/v7-m\libnosys.a
LOAD c:/program files (x86)/embedded toolchain/gnu tools arm embedded/7 2017-q4-major/bin/../lib/gcc/arm-none-eabi/7.2.1/../../../../arm-none-eabi/lib/thumb/v7-m\libstdc++_nano.a
LOAD c:/program files (x86)/embedded toolchain/gnu tools arm embedded/7 2017-q4-major/bin/../lib/gcc/arm-none-eabi/7.2.1/../../../../arm-none-eabi/lib/thumb/v7-m\libm.a
LOAD c:/program files (x86)/embedded toolchain/gnu tools arm embedded/7 2017-q4-major/bin/../lib/gcc/arm-none-eabi/7.2.1/../../../../arm-none-eabi/lib/thumb/v7-m\libc_nano.a
START GROUP
LOAD c:/program files (x86)/embedded toolchain/gnu tools arm embedded/7 2017-q4-major/bin/../lib/gcc/arm-none-eabi/7.2.1/thumb/v7-m\libgcc.a
LOAD c:/program files (x86)/embedded toolchain/gnu tools arm embedded/7 2017-q4-major/bin/../lib/gcc/arm-none-eabi/7.2.1/../../../../arm-none-eabi/lib/thumb/v7-m\libc_nano.a
END GROUP
START GROUP
LOAD c:/program files (x86)/embedded toolchain/gnu tools arm embedded/7 2017-q4-major/bin/../lib/gcc/arm-none-eabi/7.2.1/thumb/v7-m\libgcc.a
LOAD c:/program files (x86)/embedded toolchain/gnu tools arm embedded/7 2017-q4-major/bin/../lib/gcc/arm-none-eabi/7.2.1/../../../../arm-none-eabi/lib/thumb/v7-m\libc_nano.a
END GROUP
LOAD c:/program files (x86)/embedded toolchain/gnu tools arm embedded/7 2017-q4-major/bin/../lib/gcc/arm-none-eabi/7.2.1/thumb/v7-m/crtend.o
LOAD c:/program files (x86)/embedded toolchain/gnu tools arm embedded/7 2017-q4-major/bin/../lib/gcc/arm-none-eabi/7.2.1/thumb/v7-m/crtn.o
                0x20005000                _estack = 0x20005000
                0x00000400                _Min_Heap_Size = 0x400
                0x00000800                _Min_Stack_Size = 0x800

.isr_vector     0x08000000      0x10c
                0x08000000                . = ALIGN (0x4)
 *(.isr_vector)
 .isr_vector    0x08000000      0x10c build/startup_stm32f103xb.o
                0x08000000                g_pfnVectors
                0x0800010c                . = ALIGN (0x4)

.text           0x0800010c     0x72f0
                0x0800010c                . = ALIGN (0x4)
 *(.text)
 .text          0x0800010c       0x40 c:/program files (x86)/embedded toolchain/gnu tools arm embedded/7 2017-q4-major/bin/../lib/gcc/arm-none-eabi/7.2.1/thumb/v7-m/crtbegin.o
 .text          0x0800014c       0x10 c:/program files (x86)/embedded toolchain/gnu tools arm embedded/7 2017-q4-major/bin/../lib/gcc/arm-none-eabi/7.2.1/../../../../arm-none-eabi/lib/thumb/v7-m\libc_nano.a(lib_a-strlen.o)
                0x0800014c                strlen
 *(.text*)
 .text.HAL_InitTick
                0x0800015c       0x4c build/stm32f1xx_hal.o
                0x0800015c                HAL_InitTick
 .text.HAL_Init
                0x080001a8       0x24 build/stm32f1xx_hal.o
                0x080001a8                HAL_Init
 .text.HAL_IncTick
                0x080001cc       0x18 build/stm32f1xx_hal.o
                0x080001cc                HAL_IncTick
 .text.HAL_GetTick
                0x080001e4        0xc build/stm32f1xx_hal.o
                0x080001e4                HAL_GetTick
 .text.HAL_Delay
                0x080001f0       0x28 build/stm32f1xx_hal.o
                0x080001f0                HAL_Delay
 .text.HAL_ADC_ConvCpltCallback
                0x08000218        0x2 build/stm32f1xx_hal_adc.o
                0x08000218                HAL_ADC_ConvCpltCallback
 .text.HAL_ADC_LevelOutOfWindowCallback
                0x0800021a        0x2 build/stm32f1xx_hal_adc.o
                0x0800021a                HAL_ADC_LevelOutOfWindowCallback
 .text.HAL_ADC_IRQHandler
                0x0800021c      0x10c build/stm32f1xx_hal_adc.o
                0x0800021c                HAL_ADC_IRQHandler
 .text.HAL_ADC_ConfigChannel
                0x08000328      0x138 build/stm32f1xx_hal_adc.o
                0x08000328                HAL_ADC_ConfigChannel
 .text.ADC_ConversionStop_Disable
                0x08000460       0x4c build/stm32f1xx_hal_adc.o
                0x08000460                ADC_ConversionStop_Disable
 .text.HAL_ADC_Init
                0x080004ac      0x110 build/stm32f1xx_hal_adc.o
                0x080004ac                HAL_ADC_Init
 .text.HAL_ADCEx_InjectedConvCpltCallback
                0x080005bc        0x2 build/stm32f1xx_hal_adc_ex.o
                0x080005bc                HAL_ADCEx_InjectedConvCpltCallback
 *fill*         0x080005be        0x2 
 .text.HAL_NVIC_SetPriorityGrouping
                0x080005c0       0x24 build/stm32f1xx_hal_cortex.o
                0x080005c0                HAL_NVIC_SetPriorityGrouping
 .text.HAL_NVIC_SetPriority
                0x080005e4       0x68 build/stm32f1xx_hal_cortex.o
                0x080005e4                HAL_NVIC_SetPriority
 .text.HAL_NVIC_EnableIRQ
                0x0800064c       0x18 build/stm32f1xx_hal_cortex.o
                0x0800064c                HAL_NVIC_EnableIRQ
 .text.HAL_SYSTICK_Config
                0x08000664       0x2c build/stm32f1xx_hal_cortex.o
                0x08000664                HAL_SYSTICK_Config
 .text.DMA_SetConfig
                0x08000690       0x2c build/stm32f1xx_hal_dma.o
 .text.HAL_DMA_Init
                0x080006bc       0x6c build/stm32f1xx_hal_dma.o
                0x080006bc                HAL_DMA_Init
 .text.HAL_DMA_Start_IT
                0x08000728       0x74 build/stm32f1xx_hal_dma.o
                0x08000728                HAL_DMA_Start_IT
 .text.HAL_DMA_Abort_IT
                0x0800079c       0x98 build/stm32f1xx_hal_dma.o
                0x0800079c                HAL_DMA_Abort_IT
 .text.HAL_DMA_IRQHandler
                0x08000834      0x144 build/stm32f1xx_hal_dma.o
                0x08000834                HAL_DMA_IRQHandler
 .text.HAL_GPIO_Init
                0x08000978      0x1d4 build/stm32f1xx_hal_gpio.o
                0x08000978                HAL_GPIO_Init
 .text.HAL_GPIO_DeInit
                0x08000b4c       0xe0 build/stm32f1xx_hal_gpio.o
                0x08000b4c                HAL_GPIO_DeInit
 .text.HAL_GPIO_WritePin
                0x08000c2c        0xc build/stm32f1xx_hal_gpio.o
                0x08000c2c                HAL_GPIO_WritePin
 .text.HAL_GPIO_TogglePin
                0x08000c38        0x8 build/stm32f1xx_hal_gpio.o
                0x08000c38                HAL_GPIO_TogglePin
 .text.I2C_Master_SB
                0x08000c40       0x8a build/stm32f1xx_hal_i2c.o
 .text.I2C_Master_ADD10
                0x08000cca        0xc build/stm32f1xx_hal_i2c.o
 .text.I2C_Master_ADDR
                0x08000cd6      0x1da build/stm32f1xx_hal_i2c.o
 .text.I2C_SlaveTransmit_BTF
                0x08000eb0       0x1e build/stm32f1xx_hal_i2c.o
 .text.I2C_SlaveReceive_BTF
                0x08000ece       0x1e build/stm32f1xx_hal_i2c.o
 .text.I2C_IsAcknowledgeFailed
                0x08000eec       0x2a build/stm32f1xx_hal_i2c.o
 .text.I2C_WaitOnFlagUntilTimeout
                0x08000f16       0x68 build/stm32f1xx_hal_i2c.o
 .text.I2C_WaitOnMasterAddressFlagUntilTimeout
                0x08000f7e       0x90 build/stm32f1xx_hal_i2c.o
 .text.I2C_WaitOnTXEFlagUntilTimeout
                0x0800100e       0x4e build/stm32f1xx_hal_i2c.o
 .text.I2C_RequestMemoryWrite
                0x0800105c       0xd8 build/stm32f1xx_hal_i2c.o
 .text.I2C_RequestMemoryRead
                0x08001134      0x148 build/stm32f1xx_hal_i2c.o
 .text.I2C_WaitOnBTFFlagUntilTimeout
                0x0800127c       0x4e build/stm32f1xx_hal_i2c.o
 .text.I2C_WaitOnRXNEFlagUntilTimeout
                0x080012ca       0x5c build/stm32f1xx_hal_i2c.o
 *fill*         0x08001326        0x2 
 .text.HAL_I2C_Init
                0x08001328      0x168 build/stm32f1xx_hal_i2c.o
                0x08001328                HAL_I2C_Init
 .text.HAL_I2C_Mem_Write
                0x08001490      0x17c build/stm32f1xx_hal_i2c.o
                0x08001490                HAL_I2C_Mem_Write
 .text.HAL_I2C_Mem_Read
                0x0800160c      0x300 build/stm32f1xx_hal_i2c.o
                0x0800160c                HAL_I2C_Mem_Read
 .text.HAL_I2C_Mem_Read_IT
                0x0800190c       0xe8 build/stm32f1xx_hal_i2c.o
                0x0800190c                HAL_I2C_Mem_Read_IT
 .text.HAL_I2C_MasterTxCpltCallback
                0x080019f4        0x2 build/stm32f1xx_hal_i2c.o
                0x080019f4                HAL_I2C_MasterTxCpltCallback
 .text.HAL_I2C_MasterRxCpltCallback
                0x080019f6        0x2 build/stm32f1xx_hal_i2c.o
                0x080019f6                HAL_I2C_MasterRxCpltCallback
 .text.HAL_I2C_SlaveTxCpltCallback
                0x080019f8        0x2 build/stm32f1xx_hal_i2c.o
                0x080019f8                HAL_I2C_SlaveTxCpltCallback
 .text.I2C_SlaveTransmit_TXE
                0x080019fa       0x4a build/stm32f1xx_hal_i2c.o
 .text.HAL_I2C_SlaveRxCpltCallback
                0x08001a44        0x2 build/stm32f1xx_hal_i2c.o
                0x08001a44                HAL_I2C_SlaveRxCpltCallback
 .text.I2C_SlaveReceive_RXNE
                0x08001a46       0x4e build/stm32f1xx_hal_i2c.o
 .text.HAL_I2C_AddrCallback
                0x08001a94        0x2 build/stm32f1xx_hal_i2c.o
                0x08001a94                HAL_I2C_AddrCallback
 .text.I2C_Slave_ADDR
                0x08001a96       0x28 build/stm32f1xx_hal_i2c.o
 .text.HAL_I2C_ListenCpltCallback
                0x08001abe        0x2 build/stm32f1xx_hal_i2c.o
                0x08001abe                HAL_I2C_ListenCpltCallback
 .text.I2C_Slave_AF
                0x08001ac0       0x94 build/stm32f1xx_hal_i2c.o
 .text.HAL_I2C_MemTxCpltCallback
                0x08001b54        0x2 build/stm32f1xx_hal_i2c.o
                0x08001b54                HAL_I2C_MemTxCpltCallback
 .text.I2C_MasterTransmit_TXE
                0x08001b56      0x146 build/stm32f1xx_hal_i2c.o
 .text.I2C_MasterTransmit_BTF
                0x08001c9c       0x9c build/stm32f1xx_hal_i2c.o
 .text.I2C_MasterReceive_RXNE
                0x08001d38       0xcc build/stm32f1xx_hal_i2c.o
 .text.I2C_MasterReceive_BTF
                0x08001e04       0xf6 build/stm32f1xx_hal_i2c.o
 .text.HAL_I2C_ErrorCallback
                0x08001efa        0x2 build/stm32f1xx_hal_i2c.o
                0x08001efa                HAL_I2C_ErrorCallback
 .text.HAL_I2C_AbortCpltCallback
                0x08001efc        0x2 build/stm32f1xx_hal_i2c.o
                0x08001efc                HAL_I2C_AbortCpltCallback
 *fill*         0x08001efe        0x2 
 .text.I2C_ITError
                0x08001f00      0x148 build/stm32f1xx_hal_i2c.o
 .text.I2C_Slave_STOPF
                0x08002048      0x100 build/stm32f1xx_hal_i2c.o
 .text.HAL_I2C_EV_IRQHandler
                0x08002148      0x168 build/stm32f1xx_hal_i2c.o
                0x08002148                HAL_I2C_EV_IRQHandler
 .text.HAL_I2C_ER_IRQHandler
                0x080022b0       0xdc build/stm32f1xx_hal_i2c.o
                0x080022b0                HAL_I2C_ER_IRQHandler
 .text.I2C_DMAAbort
                0x0800238c       0x5e build/stm32f1xx_hal_i2c.o
 .text.HAL_PCD_Init
                0x080023ea       0xd6 build/stm32f1xx_hal_pcd.o
                0x080023ea                HAL_PCD_Init
 .text.RCC_Delay
                0x080024c0       0x2c build/stm32f1xx_hal_rcc.o
 .text.HAL_RCC_OscConfig
                0x080024ec      0x3dc build/stm32f1xx_hal_rcc.o
                0x080024ec                HAL_RCC_OscConfig
 .text.HAL_RCC_GetSysClockFreq
                0x080028c8       0x70 build/stm32f1xx_hal_rcc.o
                0x080028c8                HAL_RCC_GetSysClockFreq
 .text.HAL_RCC_ClockConfig
                0x08002938      0x19c build/stm32f1xx_hal_rcc.o
                0x08002938                HAL_RCC_ClockConfig
 .text.HAL_RCC_GetHCLKFreq
                0x08002ad4        0xc build/stm32f1xx_hal_rcc.o
                0x08002ad4                HAL_RCC_GetHCLKFreq
 .text.HAL_RCC_GetPCLK1Freq
                0x08002ae0       0x20 build/stm32f1xx_hal_rcc.o
                0x08002ae0                HAL_RCC_GetPCLK1Freq
 .text.HAL_RCC_GetPCLK2Freq
                0x08002b00       0x20 build/stm32f1xx_hal_rcc.o
                0x08002b00                HAL_RCC_GetPCLK2Freq
 .text.HAL_RCCEx_PeriphCLKConfig
                0x08002b20      0x114 build/stm32f1xx_hal_rcc_ex.o
                0x08002b20                HAL_RCCEx_PeriphCLKConfig
 .text.SPI_WaitFlagStateUntilTimeout
                0x08002c34       0x96 build/stm32f1xx_hal_spi.o
 .text.SPI_CheckFlag_BSY
                0x08002cca       0x28 build/stm32f1xx_hal_spi.o
 .text.HAL_SPI_DeInit
                0x08002cf2       0x2c build/stm32f1xx_hal_spi.o
                0x08002cf2                HAL_SPI_DeInit
 .text.HAL_SPI_TransmitReceive
                0x08002d1e      0x238 build/stm32f1xx_hal_spi.o
                0x08002d1e                HAL_SPI_TransmitReceive
 .text.HAL_SPI_GetState
                0x08002f56        0x6 build/stm32f1xx_hal_spi.o
                0x08002f56                HAL_SPI_GetState
 .text.HAL_SPI_Init
                0x08002f5c       0x82 build/stm32f1xx_hal_spi_ex.o
                0x08002f5c                HAL_SPI_Init
 .text.TIM_TI1_ConfigInputStage
                0x08002fde       0x24 build/stm32f1xx_hal_tim.o
 .text.TIM_TI2_ConfigInputStage
                0x08003002       0x26 build/stm32f1xx_hal_tim.o
 .text.TIM_ITRx_SetConfig
                0x08003028       0x10 build/stm32f1xx_hal_tim.o
 .text.TIM_ETR_SetConfig
                0x08003038       0x16 build/stm32f1xx_hal_tim.o
 .text.HAL_TIM_Base_Start_IT
                0x0800304e       0x18 build/stm32f1xx_hal_tim.o
                0x0800304e                HAL_TIM_Base_Start_IT
 .text.HAL_TIM_ConfigClockSource
                0x08003066      0x108 build/stm32f1xx_hal_tim.o
                0x08003066                HAL_TIM_ConfigClockSource
 .text.HAL_TIM_OC_DelayElapsedCallback
                0x0800316e        0x2 build/stm32f1xx_hal_tim.o
                0x0800316e                HAL_TIM_OC_DelayElapsedCallback
 .text.HAL_TIM_IC_CaptureCallback
                0x08003170        0x2 build/stm32f1xx_hal_tim.o
                0x08003170                HAL_TIM_IC_CaptureCallback
 .text.HAL_TIM_PWM_PulseFinishedCallback
                0x08003172        0x2 build/stm32f1xx_hal_tim.o
                0x08003172                HAL_TIM_PWM_PulseFinishedCallback
 .text.HAL_TIM_TriggerCallback
                0x08003174        0x2 build/stm32f1xx_hal_tim.o
                0x08003174                HAL_TIM_TriggerCallback
 .text.HAL_TIM_IRQHandler
                0x08003176      0x17a build/stm32f1xx_hal_tim.o
                0x08003176                HAL_TIM_IRQHandler
 .text.TIM_Base_SetConfig
                0x080032f0       0x74 build/stm32f1xx_hal_tim.o
                0x080032f0                TIM_Base_SetConfig
 .text.HAL_TIM_Base_Init
                0x08003364       0x32 build/stm32f1xx_hal_tim.o
                0x08003364                HAL_TIM_Base_Init
 .text.HAL_TIMEx_MasterConfigSynchronization
                0x08003396       0x52 build/stm32f1xx_hal_tim_ex.o
                0x08003396                HAL_TIMEx_MasterConfigSynchronization
 .text.HAL_TIMEx_CommutationCallback
                0x080033e8        0x2 build/stm32f1xx_hal_tim_ex.o
                0x080033e8                HAL_TIMEx_CommutationCallback
 .text.HAL_TIMEx_BreakCallback
                0x080033ea        0x2 build/stm32f1xx_hal_tim_ex.o
                0x080033ea                HAL_TIMEx_BreakCallback
 .text.UART_EndTxTransfer
                0x080033ec       0x12 build/stm32f1xx_hal_uart.o
 .text.UART_EndRxTransfer
                0x080033fe       0x1c build/stm32f1xx_hal_uart.o
 .text.UART_Transmit_IT
                0x0800341a       0x68 build/stm32f1xx_hal_uart.o
 *fill*         0x08003482        0x2 
 .text.UART_SetConfig
                0x08003484      0x1ac build/stm32f1xx_hal_uart.o
 .text.UART_WaitOnFlagUntilTimeout
                0x08003630       0x62 build/stm32f1xx_hal_uart.o
 .text.HAL_UART_Init
                0x08003692       0x5e build/stm32f1xx_hal_uart.o
                0x08003692                HAL_UART_Init
 .text.HAL_UART_Transmit
                0x080036f0       0xe0 build/stm32f1xx_hal_uart.o
                0x080036f0                HAL_UART_Transmit
 .text.HAL_UART_Receive_DMA
                0x080037d0       0xa8 build/stm32f1xx_hal_uart.o
                0x080037d0                HAL_UART_Receive_DMA
 .text.HAL_UART_TxCpltCallback
                0x08003878        0x2 build/stm32f1xx_hal_uart.o
                0x08003878                HAL_UART_TxCpltCallback
 .text.UART_EndTransmit_IT
                0x0800387a       0x1a build/stm32f1xx_hal_uart.o
 .text.UART_DMAReceiveCplt
                0x08003894       0x3e build/stm32f1xx_hal_uart.o
 .text.UART_Receive_IT
                0x080038d2       0x9c build/stm32f1xx_hal_uart.o
 .text.HAL_UART_RxHalfCpltCallback
                0x0800396e        0x2 build/stm32f1xx_hal_uart.o
                0x0800396e                HAL_UART_RxHalfCpltCallback
 .text.UART_DMARxHalfCplt
                0x08003970        0xa build/stm32f1xx_hal_uart.o
 .text.HAL_UART_ErrorCallback
                0x0800397a        0x2 build/stm32f1xx_hal_uart.o
                0x0800397a                HAL_UART_ErrorCallback
 .text.UART_DMAError
                0x0800397c       0x58 build/stm32f1xx_hal_uart.o
 .text.HAL_UART_IRQHandler
                0x080039d4      0x120 build/stm32f1xx_hal_uart.o
                0x080039d4                HAL_UART_IRQHandler
 .text.UART_DMAAbortOnError
                0x08003af4       0x10 build/stm32f1xx_hal_uart.o
 .text.USB_CoreInit
                0x08003b04        0xe build/stm32f1xx_ll_usb.o
                0x08003b04                USB_CoreInit
 .text.USB_EnableGlobalInt
                0x08003b12       0x10 build/stm32f1xx_ll_usb.o
                0x08003b12                USB_EnableGlobalInt
 .text.USB_DisableGlobalInt
                0x08003b22       0x14 build/stm32f1xx_ll_usb.o
                0x08003b22                USB_DisableGlobalInt
 .text.USB_SetCurrentMode
                0x08003b36        0x4 build/stm32f1xx_ll_usb.o
                0x08003b36                USB_SetCurrentMode
 .text.USB_DevInit
                0x08003b3a       0x2c build/stm32f1xx_ll_usb.o
                0x08003b3a                USB_DevInit
 .text.USB_DevDisconnect
                0x08003b66        0x4 build/stm32f1xx_ll_usb.o
                0x08003b66                USB_DevDisconnect
 *fill*         0x08003b6a        0x2 
 .text.disk_status
                0x08003b6c       0x24 build/diskio.o
                0x08003b6c                disk_status
 .text.disk_initialize
                0x08003b90       0x44 build/diskio.o
                0x08003b90                disk_initialize
 .text.disk_read
                0x08003bd4       0x14 build/diskio.o
                0x08003bd4                disk_read
 .text.disk_write
                0x08003be8       0x14 build/diskio.o
                0x08003be8                disk_write
 .text.disk_ioctl
                0x08003bfc       0x54 build/diskio.o
                0x08003bfc                disk_ioctl
 .text.mem_cpy  0x08003c50       0x14 build/ff.o
 .text.mem_set  0x08003c64       0x10 build/ff.o
 .text.mem_cmp  0x08003c74       0x22 build/ff.o
 .text.chk_chr  0x08003c96       0x10 build/ff.o
 .text.ld_clust
                0x08003ca6       0x22 build/ff.o
 .text.st_clust
                0x08003cc8       0x12 build/ff.o
 *fill*         0x08003cda        0x2 
 .text.create_name
                0x08003cdc      0x114 build/ff.o
 .text.get_ldnumber
                0x08003df0       0x52 build/ff.o
 .text.sync_window
                0x08003e42       0x64 build/ff.o
 .text.move_window
                0x08003ea6       0x38 build/ff.o
 *fill*         0x08003ede        0x2 
 .text.check_fs
                0x08003ee0       0x90 build/ff.o
 .text.validate
                0x08003f70       0x42 build/ff.o
 *fill*         0x08003fb2        0x2 
 .text.find_volume
                0x08003fb4      0x390 build/ff.o
 .text.sync_fs  0x08004344       0xc2 build/ff.o
 .text.clust2sect
                0x08004406       0x1e build/ff.o
                0x08004406                clust2sect
 .text.get_fat  0x08004424       0xde build/ff.o
                0x08004424                get_fat
 .text.dir_sdi  0x08004502       0xb6 build/ff.o
 .text.put_fat  0x080045b8      0x126 build/ff.o
                0x080045b8                put_fat
 .text.create_chain
                0x080046de       0xce build/ff.o
 .text.dir_next
                0x080047ac      0x142 build/ff.o
 .text.dir_find
                0x080048ee       0x56 build/ff.o
 .text.follow_path
                0x08004944       0x88 build/ff.o
 .text.dir_alloc
                0x080049cc       0x54 build/ff.o
 .text.dir_register
                0x08004a20       0x4a build/ff.o
 .text.remove_chain
                0x08004a6a       0x74 build/ff.o
 *fill*         0x08004ade        0x2 
 .text.f_mount  0x08004ae0       0x5c build/ff.o
                0x08004ae0                f_mount
 .text.f_open   0x08004b3c      0x174 build/ff.o
                0x08004b3c                f_open
 .text.f_write  0x08004cb0      0x216 build/ff.o
                0x08004cb0                f_write
 .text.f_sync   0x08004ec6       0xbc build/ff.o
                0x08004ec6                f_sync
 *fill*         0x08004f82        0x2 
 .text.SPIx_GPIO_Init
                0x08004f84       0xac build/stm32_ff_link.o
 .text.SPIx_Init
                0x08005030       0x48 build/stm32_ff_link.o
 .text.SPIx_Error
                0x08005078       0x14 build/stm32_ff_link.o
 .text.SPIx_WriteReadData
                0x0800508c       0x28 build/stm32_ff_link.o
 .text.SD_IO_WriteReadData
                0x080050b4        0x8 build/stm32_ff_link.o
                0x080050b4                SD_IO_WriteReadData
 .text.SD_IO_WriteByte
                0x080050bc       0x20 build/stm32_ff_link.o
                0x080050bc                SD_IO_WriteByte
 .text.SD_IO_Init
                0x080050dc       0x28 build/stm32_ff_link.o
                0x080050dc                SD_IO_Init
 .text.SD_ReadData
                0x08005104       0x18 build/stm32_ff_link.o
 .text.SD_SendCmd
                0x0800511c       0xe4 build/stm32_ff_link.o
 .text.SD_GoIdleState
                0x08005200      0x1c8 build/stm32_ff_link.o
 .text.SD_WaitData
                0x080053c8       0x24 build/stm32_ff_link.o
 .text.SD_GetDataResponse
                0x080053ec       0x54 build/stm32_ff_link.o
 .text.SD_GetCSDRegister
                0x08005440      0x23c build/stm32_ff_link.o
 .text.SD_GetCIDRegister
                0x0800567c      0x10c build/stm32_ff_link.o
 .text.BSP_SD_Init
                0x08005788       0x18 build/stm32_ff_link.o
                0x08005788                BSP_SD_Init
 .text.BSP_SD_ReadBlocks
                0x080057a0       0xec build/stm32_ff_link.o
                0x080057a0                BSP_SD_ReadBlocks
 .text.BSP_SD_WriteBlocks
                0x0800588c       0xf4 build/stm32_ff_link.o
                0x0800588c                BSP_SD_WriteBlocks
 .text.BSP_SD_GetCardInfo
                0x08005980       0x5c build/stm32_ff_link.o
                0x08005980                BSP_SD_GetCardInfo
 .text.BSP_SD_GetStatus
                0x080059dc       0x40 build/stm32_ff_link.o
                0x080059dc                BSP_SD_GetStatus
 .text.MX_ADC1_Init
                0x08005a1c       0xc4 build/adc.o
                0x08005a1c                MX_ADC1_Init
 .text.HAL_ADC_MspInit
                0x08005ae0       0xb0 build/adc.o
                0x08005ae0                HAL_ADC_MspInit
 .text.MX_DMA_Init
                0x08005b90       0x54 build/dma.o
                0x08005b90                MX_DMA_Init
 .text.MX_GPIO_Init
                0x08005be4      0x118 build/gpio.o
                0x08005be4                MX_GPIO_Init
 .text.MX_I2C1_Init
                0x08005cfc       0x3c build/i2c.o
                0x08005cfc                MX_I2C1_Init
 .text.HAL_I2C_MspInit
                0x08005d38       0x84 build/i2c.o
                0x08005d38                HAL_I2C_MspInit
 .text.SystemClock_Config
                0x08005dbc       0x6c build/main.o
                0x08005dbc                SystemClock_Config
 .text.main     0x08005e28      0x584 build/main.o
                0x08005e28                main
 .text.HAL_TIM_PeriodElapsedCallback
                0x080063ac      0x104 build/main.o
                0x080063ac                HAL_TIM_PeriodElapsedCallback
 .text.HAL_I2C_MemRxCpltCallback
                0x080064b0      0x110 build/main.o
                0x080064b0                HAL_I2C_MemRxCpltCallback
 .text.HAL_UART_RxCpltCallback
                0x080065c0        0x2 build/main.o
                0x080065c0                HAL_UART_RxCpltCallback
 .text.Error_Handler
                0x080065c2        0x2 build/main.o
                0x080065c2                Error_Handler
 .text.MX_SPI1_Init
                0x080065c4       0x48 build/spi.o
                0x080065c4                MX_SPI1_Init
 .text.HAL_SPI_MspInit
                0x0800660c       0x74 build/spi.o
                0x0800660c                HAL_SPI_MspInit
 .text.HAL_SPI_MspDeInit
                0x08006680       0x2c build/spi.o
                0x08006680                HAL_SPI_MspDeInit
 .text.HAL_MspInit
                0x080066ac       0x44 build/stm32f1xx_hal_msp.o
                0x080066ac                HAL_MspInit
 .text.NMI_Handler
                0x080066f0        0x2 build/stm32f1xx_it.o
                0x080066f0                NMI_Handler
 .text.HardFault_Handler
                0x080066f2        0x2 build/stm32f1xx_it.o
                0x080066f2                HardFault_Handler
 .text.MemManage_Handler
                0x080066f4        0x2 build/stm32f1xx_it.o
                0x080066f4                MemManage_Handler
 .text.BusFault_Handler
                0x080066f6        0x2 build/stm32f1xx_it.o
                0x080066f6                BusFault_Handler
 .text.UsageFault_Handler
                0x080066f8        0x2 build/stm32f1xx_it.o
                0x080066f8                UsageFault_Handler
 .text.SVC_Handler
                0x080066fa        0x2 build/stm32f1xx_it.o
                0x080066fa                SVC_Handler
 .text.DebugMon_Handler
                0x080066fc        0x2 build/stm32f1xx_it.o
                0x080066fc                DebugMon_Handler
 .text.PendSV_Handler
                0x080066fe        0x2 build/stm32f1xx_it.o
                0x080066fe                PendSV_Handler
 .text.SysTick_Handler
                0x08006700        0x8 build/stm32f1xx_it.o
                0x08006700                SysTick_Handler
 .text.DMA1_Channel1_IRQHandler
                0x08006708       0x10 build/stm32f1xx_it.o
                0x08006708                DMA1_Channel1_IRQHandler
 .text.DMA1_Channel2_IRQHandler
                0x08006718       0x10 build/stm32f1xx_it.o
                0x08006718                DMA1_Channel2_IRQHandler
 .text.DMA1_Channel3_IRQHandler
                0x08006728       0x10 build/stm32f1xx_it.o
                0x08006728                DMA1_Channel3_IRQHandler
 .text.ADC1_2_IRQHandler
                0x08006738       0x10 build/stm32f1xx_it.o
                0x08006738                ADC1_2_IRQHandler
 .text.TIM3_IRQHandler
                0x08006748       0x10 build/stm32f1xx_it.o
                0x08006748                TIM3_IRQHandler
 .text.I2C1_EV_IRQHandler
                0x08006758       0x10 build/stm32f1xx_it.o
                0x08006758                I2C1_EV_IRQHandler
 .text.I2C1_ER_IRQHandler
                0x08006768       0x10 build/stm32f1xx_it.o
                0x08006768                I2C1_ER_IRQHandler
 .text.USART3_IRQHandler
                0x08006778       0x10 build/stm32f1xx_it.o
                0x08006778                USART3_IRQHandler
 .text.SystemInit
                0x08006788       0x4c build/system_stm32f1xx.o
                0x08006788                SystemInit
 .text.MX_TIM3_Init
                0x080067d4       0x74 build/tim.o
                0x080067d4                MX_TIM3_Init
 .text.HAL_TIM_Base_MspInit
                0x08006848       0x40 build/tim.o
                0x08006848                HAL_TIM_Base_MspInit
 .text.MX_USART1_UART_Init
                0x08006888       0x34 build/usart.o
                0x08006888                MX_USART1_UART_Init
 .text.MX_USART3_UART_Init
                0x080068bc       0x34 build/usart.o
                0x080068bc                MX_USART3_UART_Init
 .text.HAL_UART_MspInit
                0x080068f0      0x15c build/usart.o
                0x080068f0                HAL_UART_MspInit
 .text.MX_USB_PCD_Init
                0x08006a4c       0x30 build/usb.o
                0x08006a4c                MX_USB_PCD_Init
 .text.HAL_PCD_MspInit
                0x08006a7c       0x2c build/usb.o
                0x08006a7c                HAL_PCD_MspInit
 .text._sbrk    0x08006aa8       0x48 build/syscalls.o
                0x08006aa8                _sbrk
 .text.Reset_Handler
                0x08006af0       0x48 build/startup_stm32f103xb.o
                0x08006af0                Reset_Handler
 .text.Default_Handler
                0x08006b38        0x2 build/startup_stm32f103xb.o
                0x08006b38                RTC_Alarm_IRQHandler
                0x08006b38                EXTI2_IRQHandler
                0x08006b38                TIM1_CC_IRQHandler
                0x08006b38                PVD_IRQHandler
                0x08006b38                EXTI3_IRQHandler
                0x08006b38                EXTI0_IRQHandler
                0x08006b38                I2C2_EV_IRQHandler
                0x08006b38                SPI1_IRQHandler
                0x08006b38                TAMPER_IRQHandler
                0x08006b38                DMA1_Channel4_IRQHandler
                0x08006b38                RTC_IRQHandler
                0x08006b38                DMA1_Channel7_IRQHandler
                0x08006b38                CAN1_RX1_IRQHandler
                0x08006b38                TIM4_IRQHandler
                0x08006b38                DMA1_Channel6_IRQHandler
                0x08006b38                RCC_IRQHandler
                0x08006b38                TIM1_TRG_COM_IRQHandler
                0x08006b38                Default_Handler
                0x08006b38                EXTI15_10_IRQHandler
                0x08006b38                EXTI9_5_IRQHandler
                0x08006b38                SPI2_IRQHandler
                0x08006b38                DMA1_Channel5_IRQHandler
                0x08006b38                EXTI4_IRQHandler
                0x08006b38                USB_LP_CAN1_RX0_IRQHandler
                0x08006b38                USB_HP_CAN1_TX_IRQHandler
                0x08006b38                TIM1_UP_IRQHandler
                0x08006b38                WWDG_IRQHandler
                0x08006b38                TIM2_IRQHandler
                0x08006b38                TIM1_BRK_IRQHandler
                0x08006b38                EXTI1_IRQHandler
                0x08006b38                USART2_IRQHandler
                0x08006b38                I2C2_ER_IRQHandler
                0x08006b38                CAN1_SCE_IRQHandler
                0x08006b38                FLASH_IRQHandler
                0x08006b38                USART1_IRQHandler
                0x08006b38                USBWakeUp_IRQHandler
 *fill*         0x08006b3a        0x2 
 .text.__errno  0x08006b3c        0xc c:/program files (x86)/embedded toolchain/gnu tools arm embedded/7 2017-q4-major/bin/../lib/gcc/arm-none-eabi/7.2.1/../../../../arm-none-eabi/lib/thumb/v7-m\libc_nano.a(lib_a-errno.o)
                0x08006b3c                __errno
 .text.__libc_init_array
                0x08006b48       0x48 c:/program files (x86)/embedded toolchain/gnu tools arm embedded/7 2017-q4-major/bin/../lib/gcc/arm-none-eabi/7.2.1/../../../../arm-none-eabi/lib/thumb/v7-m\libc_nano.a(lib_a-init.o)
                0x08006b48                __libc_init_array
 .text.malloc   0x08006b90       0x10 c:/program files (x86)/embedded toolchain/gnu tools arm embedded/7 2017-q4-major/bin/../lib/gcc/arm-none-eabi/7.2.1/../../../../arm-none-eabi/lib/thumb/v7-m\libc_nano.a(lib_a-malloc.o)
                0x08006b90                malloc
 .text.free     0x08006ba0       0x10 c:/program files (x86)/embedded toolchain/gnu tools arm embedded/7 2017-q4-major/bin/../lib/gcc/arm-none-eabi/7.2.1/../../../../arm-none-eabi/lib/thumb/v7-m\libc_nano.a(lib_a-malloc.o)
                0x08006ba0                free
 .text.memcpy   0x08006bb0       0x16 c:/program files (x86)/embedded toolchain/gnu tools arm embedded/7 2017-q4-major/bin/../lib/gcc/arm-none-eabi/7.2.1/../../../../arm-none-eabi/lib/thumb/v7-m\libc_nano.a(lib_a-memcpy-stub.o)
                0x08006bb0                memcpy
 .text.memset   0x08006bc6       0x10 c:/program files (x86)/embedded toolchain/gnu tools arm embedded/7 2017-q4-major/bin/../lib/gcc/arm-none-eabi/7.2.1/../../../../arm-none-eabi/lib/thumb/v7-m\libc_nano.a(lib_a-memset.o)
                0x08006bc6                memset
 *fill*         0x08006bd6        0x2 
 .text._free_r  0x08006bd8       0x98 c:/program files (x86)/embedded toolchain/gnu tools arm embedded/7 2017-q4-major/bin/../lib/gcc/arm-none-eabi/7.2.1/../../../../arm-none-eabi/lib/thumb/v7-m\libc_nano.a(lib_a-nano-freer.o)
                0x08006bd8                _free_r
 .text._malloc_r
                0x08006c70       0xb4 c:/program files (x86)/embedded toolchain/gnu tools arm embedded/7 2017-q4-major/bin/../lib/gcc/arm-none-eabi/7.2.1/../../../../arm-none-eabi/lib/thumb/v7-m\libc_nano.a(lib_a-nano-mallocr.o)
                0x08006c70                _malloc_r
 .text._sbrk_r  0x08006d24       0x20 c:/program files (x86)/embedded toolchain/gnu tools arm embedded/7 2017-q4-major/bin/../lib/gcc/arm-none-eabi/7.2.1/../../../../arm-none-eabi/lib/thumb/v7-m\libc_nano.a(lib_a-sbrkr.o)
                0x08006d24                _sbrk_r
 .text.sprintf  0x08006d44       0x40 c:/program files (x86)/embedded toolchain/gnu tools arm embedded/7 2017-q4-major/bin/../lib/gcc/arm-none-eabi/7.2.1/../../../../arm-none-eabi/lib/thumb/v7-m\libc_nano.a(lib_a-sprintf.o)
                0x08006d44                siprintf
                0x08006d44                sprintf
 .text.__malloc_lock
                0x08006d84        0x2 c:/program files (x86)/embedded toolchain/gnu tools arm embedded/7 2017-q4-major/bin/../lib/gcc/arm-none-eabi/7.2.1/../../../../arm-none-eabi/lib/thumb/v7-m\libc_nano.a(lib_a-mlock.o)
                0x08006d84                __malloc_lock
 .text.__malloc_unlock
                0x08006d86        0x2 c:/program files (x86)/embedded toolchain/gnu tools arm embedded/7 2017-q4-major/bin/../lib/gcc/arm-none-eabi/7.2.1/../../../../arm-none-eabi/lib/thumb/v7-m\libc_nano.a(lib_a-mlock.o)
                0x08006d86                __malloc_unlock
 .text.__ssputs_r
                0x08006d88       0xb4 c:/program files (x86)/embedded toolchain/gnu tools arm embedded/7 2017-q4-major/bin/../lib/gcc/arm-none-eabi/7.2.1/../../../../arm-none-eabi/lib/thumb/v7-m\libc_nano.a(lib_a-nano-svfprintf.o)
                0x08006d88                __ssputs_r
 .text._svfprintf_r
                0x08006e3c      0x1ec c:/program files (x86)/embedded toolchain/gnu tools arm embedded/7 2017-q4-major/bin/../lib/gcc/arm-none-eabi/7.2.1/../../../../arm-none-eabi/lib/thumb/v7-m\libc_nano.a(lib_a-nano-svfprintf.o)
                0x08006e3c                _svfiprintf_r
                0x08006e3c                _svfprintf_r
 .text._printf_common
                0x08007028       0xec c:/program files (x86)/embedded toolchain/gnu tools arm embedded/7 2017-q4-major/bin/../lib/gcc/arm-none-eabi/7.2.1/../../../../arm-none-eabi/lib/thumb/v7-m\libc_nano.a(lib_a-nano-vfprintf_i.o)
                0x08007028                _printf_common
 .text._printf_i
                0x08007114      0x224 c:/program files (x86)/embedded toolchain/gnu tools arm embedded/7 2017-q4-major/bin/../lib/gcc/arm-none-eabi/7.2.1/../../../../arm-none-eabi/lib/thumb/v7-m\libc_nano.a(lib_a-nano-vfprintf_i.o)
                0x08007114                _printf_i
 .text.memchr   0x08007338       0x1c c:/program files (x86)/embedded toolchain/gnu tools arm embedded/7 2017-q4-major/bin/../lib/gcc/arm-none-eabi/7.2.1/../../../../arm-none-eabi/lib/thumb/v7-m\libc_nano.a(lib_a-memchr-stub.o)
                0x08007338                memchr
 .text.memmove  0x08007354       0x32 c:/program files (x86)/embedded toolchain/gnu tools arm embedded/7 2017-q4-major/bin/../lib/gcc/arm-none-eabi/7.2.1/../../../../arm-none-eabi/lib/thumb/v7-m\libc_nano.a(lib_a-memmove.o)
                0x08007354                memmove
 .text._realloc_r
                0x08007386       0x4c c:/program files (x86)/embedded toolchain/gnu tools arm embedded/7 2017-q4-major/bin/../lib/gcc/arm-none-eabi/7.2.1/../../../../arm-none-eabi/lib/thumb/v7-m\libc_nano.a(lib_a-nano-reallocr.o)
                0x08007386                _realloc_r
 .text._malloc_usable_size_r
                0x080073d2       0x10 c:/program files (x86)/embedded toolchain/gnu tools arm embedded/7 2017-q4-major/bin/../lib/gcc/arm-none-eabi/7.2.1/../../../../arm-none-eabi/lib/thumb/v7-m\libc_nano.a(lib_a-nano-msizer.o)
                0x080073d2                _malloc_usable_size_r
 *(.glue_7)
 .glue_7        0x080073e2        0x0 linker stubs
 *(.glue_7t)
 .glue_7t       0x080073e2        0x0 linker stubs
 *(.eh_frame)
 *fill*         0x080073e2        0x2 
 .eh_frame      0x080073e4        0x0 c:/program files (x86)/embedded toolchain/gnu tools arm embedded/7 2017-q4-major/bin/../lib/gcc/arm-none-eabi/7.2.1/thumb/v7-m/crtbegin.o
 *(.init)
 .init          0x080073e4        0x4 c:/program files (x86)/embedded toolchain/gnu tools arm embedded/7 2017-q4-major/bin/../lib/gcc/arm-none-eabi/7.2.1/thumb/v7-m/crti.o
                0x080073e4                _init
 .init          0x080073e8        0x8 c:/program files (x86)/embedded toolchain/gnu tools arm embedded/7 2017-q4-major/bin/../lib/gcc/arm-none-eabi/7.2.1/thumb/v7-m/crtn.o
 *(.fini)
 .fini          0x080073f0        0x4 c:/program files (x86)/embedded toolchain/gnu tools arm embedded/7 2017-q4-major/bin/../lib/gcc/arm-none-eabi/7.2.1/thumb/v7-m/crti.o
                0x080073f0                _fini
 .fini          0x080073f4        0x8 c:/program files (x86)/embedded toolchain/gnu tools arm embedded/7 2017-q4-major/bin/../lib/gcc/arm-none-eabi/7.2.1/thumb/v7-m/crtn.o
                0x080073fc                . = ALIGN (0x4)
                0x080073fc                _etext = .

.vfp11_veneer   0x080073fc        0x0
 .vfp11_veneer  0x080073fc        0x0 linker stubs

.v4_bx          0x080073fc        0x0
 .v4_bx         0x080073fc        0x0 linker stubs

.iplt           0x080073fc        0x0
 .iplt          0x080073fc        0x0 c:/program files (x86)/embedded toolchain/gnu tools arm embedded/7 2017-q4-major/bin/../lib/gcc/arm-none-eabi/7.2.1/thumb/v7-m/crtbegin.o

.rodata         0x080073fc      0x1d8
                0x080073fc                . = ALIGN (0x4)
 *(.rodata)
 .rodata        0x080073fc       0x12 build/stm32f1xx_hal_rcc.o
 *fill*         0x0800740e        0x2 
 .rodata        0x08007410        0x5 build/stm32_ff_link.o
 *(.rodata*)
 *fill*         0x08007415        0x3 
 .rodata.ExCvt  0x08007418       0x80 build/ff.o
 .rodata.create_name.str1.4
                0x08007498        0xf build/ff.o
 *fill*         0x080074a7        0x1 
 .rodata.HAL_I2C_MemRxCpltCallback.str1.4
                0x080074a8       0x24 build/main.o
 .rodata.HAL_TIM_PeriodElapsedCallback.str1.4
                0x080074cc        0xb build/main.o
 *fill*         0x080074d7        0x1 
 .rodata.main.str1.4
                0x080074d8       0xb0 build/main.o
                                 0xaf (size before relaxing)
 .rodata.AHBPrescTable
                0x08007588       0x10 build/system_stm32f1xx.o
                0x08007588                AHBPrescTable
 .rodata.APBPrescTable
                0x08007598        0x8 build/system_stm32f1xx.o
                0x08007598                APBPrescTable
 .rodata._svfprintf_r.str1.1
                0x080075a0       0x11 c:/program files (x86)/embedded toolchain/gnu tools arm embedded/7 2017-q4-major/bin/../lib/gcc/arm-none-eabi/7.2.1/../../../../arm-none-eabi/lib/thumb/v7-m\libc_nano.a(lib_a-nano-svfprintf.o)
 .rodata._printf_i.str1.1
                0x080075b1       0x22 c:/program files (x86)/embedded toolchain/gnu tools arm embedded/7 2017-q4-major/bin/../lib/gcc/arm-none-eabi/7.2.1/../../../../arm-none-eabi/lib/thumb/v7-m\libc_nano.a(lib_a-nano-vfprintf_i.o)
                0x080075d4                . = ALIGN (0x4)
 *fill*         0x080075d3        0x1 

.rel.dyn        0x080075d4        0x0
 .rel.iplt      0x080075d4        0x0 c:/program files (x86)/embedded toolchain/gnu tools arm embedded/7 2017-q4-major/bin/../lib/gcc/arm-none-eabi/7.2.1/thumb/v7-m/crtbegin.o

.ARM.extab
 *(.ARM.extab* .gnu.linkonce.armextab.*)

.ARM            0x080075d4        0x0
                0x080075d4                __exidx_start = .
 *(.ARM.exidx*)
                0x080075d4                __exidx_end = .

.preinit_array  0x080075d4        0x0
                0x080075d4                PROVIDE (__preinit_array_start, .)
 *(.preinit_array*)
                0x080075d4                PROVIDE (__preinit_array_end, .)

.init_array     0x080075d4        0x4
                0x080075d4                PROVIDE (__init_array_start, .)
 *(SORT_BY_NAME(.init_array.*))
 *(.init_array*)
 .init_array    0x080075d4        0x4 c:/program files (x86)/embedded toolchain/gnu tools arm embedded/7 2017-q4-major/bin/../lib/gcc/arm-none-eabi/7.2.1/thumb/v7-m/crtbegin.o
                0x080075d8                PROVIDE (__init_array_end, .)

.fini_array     0x080075d8        0x4
                [!provide]                PROVIDE (__fini_array_start, .)
 *(SORT_BY_NAME(.fini_array.*))
 *(.fini_array*)
 .fini_array    0x080075d8        0x4 c:/program files (x86)/embedded toolchain/gnu tools arm embedded/7 2017-q4-major/bin/../lib/gcc/arm-none-eabi/7.2.1/thumb/v7-m/crtbegin.o
                [!provide]                PROVIDE (__fini_array_end, .)
                0x080075dc                _sidata = LOADADDR (.data)

.data           0x20000000       0x74 load address 0x080075dc
                0x20000000                . = ALIGN (0x4)
                0x20000000                _sdata = .
 *(.data)
 *(.data*)
 .data.uwTickFreq
                0x20000000        0x1 build/stm32f1xx_hal.o
                0x20000000                uwTickFreq
 *fill*         0x20000001        0x3 
 .data.uwTickPrio
                0x20000004        0x4 build/stm32f1xx_hal.o
                0x20000004                uwTickPrio
 .data.Stat     0x20000008        0x1 build/diskio.o
 *fill*         0x20000009        0x3 
 .data.SystemCoreClock
                0x2000000c        0x4 build/system_stm32f1xx.o
                0x2000000c                SystemCoreClock
 .data._impure_ptr
                0x20000010        0x4 c:/program files (x86)/embedded toolchain/gnu tools arm embedded/7 2017-q4-major/bin/../lib/gcc/arm-none-eabi/7.2.1/../../../../arm-none-eabi/lib/thumb/v7-m\libc_nano.a(lib_a-impure.o)
                0x20000010                _impure_ptr
 .data.impure_data
                0x20000014       0x60 c:/program files (x86)/embedded toolchain/gnu tools arm embedded/7 2017-q4-major/bin/../lib/gcc/arm-none-eabi/7.2.1/../../../../arm-none-eabi/lib/thumb/v7-m\libc_nano.a(lib_a-impure.o)
                0x20000074                . = ALIGN (0x4)
                0x20000074                _edata = .

.igot.plt       0x20000074        0x0 load address 0x08007650
 .igot.plt      0x20000074        0x0 c:/program files (x86)/embedded toolchain/gnu tools arm embedded/7 2017-q4-major/bin/../lib/gcc/arm-none-eabi/7.2.1/thumb/v7-m/crtbegin.o
                0x20000074                . = ALIGN (0x4)

.bss            0x20000074     0x2468 load address 0x08007650
                0x20000074                _sbss = .
                0x20000074                __bss_start__ = _sbss
 *(.bss)
 .bss           0x20000074       0x1c c:/program files (x86)/embedded toolchain/gnu tools arm embedded/7 2017-q4-major/bin/../lib/gcc/arm-none-eabi/7.2.1/thumb/v7-m/crtbegin.o
 *(.bss*)
 .bss.diskInitialized
                0x20000090        0x4 build/diskio.o
 .bss.FatFs     0x20000094        0x4 build/ff.o
 .bss.Fsid      0x20000098        0x2 build/ff.o
 .bss.SdStatus  0x2000009a        0x1 build/stm32_ff_link.o
                0x2000009a                SdStatus
 *fill*         0x2000009b        0x1 
 .bss.flag_SDHC
                0x2000009c        0x2 build/stm32_ff_link.o
                0x2000009c                flag_SDHC
 .bss.iMpu.8266
                0x2000009e        0x1 build/main.o
 .bss.iTim.8244
                0x2000009f        0x1 build/main.o
 .bss.millis.8243
                0x200000a0        0x4 build/main.o
 .bss.seconds.8242
                0x200000a4        0x4 build/main.o
 .bss.heap_end.6047
                0x200000a8        0x4 build/syscalls.o
 .bss.__malloc_free_list
                0x200000ac        0x4 c:/program files (x86)/embedded toolchain/gnu tools arm embedded/7 2017-q4-major/bin/../lib/gcc/arm-none-eabi/7.2.1/../../../../arm-none-eabi/lib/thumb/v7-m\libc_nano.a(lib_a-nano-mallocr.o)
                0x200000ac                __malloc_free_list
 .bss.__malloc_sbrk_start
                0x200000b0        0x4 c:/program files (x86)/embedded toolchain/gnu tools arm embedded/7 2017-q4-major/bin/../lib/gcc/arm-none-eabi/7.2.1/../../../../arm-none-eabi/lib/thumb/v7-m\libc_nano.a(lib_a-nano-mallocr.o)
                0x200000b0                __malloc_sbrk_start
 *(COMMON)
 COMMON         0x200000b4        0x4 build/stm32f1xx_hal.o
                0x200000b4                uwTick
 COMMON         0x200000b8       0x74 build/adc.o
                0x200000b8                hadc1
                0x200000e8                hdma_adc1
 COMMON         0x2000012c       0x54 build/i2c.o
                0x2000012c                hi2c1
 COMMON         0x20000180     0x1d58 build/main.o
                0x20000180                rawMpu
                0x2000018e                adcReady
                0x20000190                byteswritten
                0x20000194                gpsReady
                0x20000195                mpuReady
                0x20000198                sdBufferA
                0x20000828                timeBuffer
                0x20000834                textTxBuffer
                0x20000a28                sdBufferC
                0x200010b8                timReady
                0x200010bc                SDPath
                0x200010c0                rawAdc
                0x2000137c                nBuffer
                0x20001380                SDFatFs
                0x200015b0                rawGps
                0x200015f8                MyFile
                0x2000181c                mpuBuffer
                0x20001846                res
                0x20001848                sdBufferB
 COMMON         0x20001ed8       0x58 build/spi.o
                0x20001ed8                hspi1
 COMMON         0x20001f30       0x40 build/tim.o
                0x20001f30                htim3
 COMMON         0x20001f70      0x108 build/usart.o
                0x20001f70                hdma_usart3_rx
                0x20001fb4                huart3
                0x20001ff4                hdma_usart3_tx
                0x20002038                huart1
 COMMON         0x20002078      0x460 build/usb.o
                0x20002078                hpcd_USB_FS
 COMMON         0x200024d8        0x4 c:/program files (x86)/embedded toolchain/gnu tools arm embedded/7 2017-q4-major/bin/../lib/gcc/arm-none-eabi/7.2.1/../../../../arm-none-eabi/lib/thumb/v7-m\libc_nano.a(lib_a-reent.o)
                0x200024d8                errno
                0x200024dc                . = ALIGN (0x4)
                0x200024dc                _ebss = .
                0x200024dc                __bss_end__ = _ebss

._user_heap_stack
                0x200024dc      0xc04 load address 0x08007650
                0x200024e0                . = ALIGN (0x8)
 *fill*         0x200024dc        0x4 
                0x200024e0                PROVIDE (end, .)
                [!provide]                PROVIDE (_end, .)
                0x200028e0                . = (. + _Min_Heap_Size)
 *fill*         0x200024e0      0x400 
                0x200030e0                . = (. + _Min_Stack_Size)
 *fill*         0x200028e0      0x800 
                0x200030e0                . = ALIGN (0x8)

/DISCARD/
 libc.a(*)
 libm.a(*)
 libgcc.a(*)

.ARM.attributes
                0x00000000       0x29
 *(.ARM.attributes)
 .ARM.attributes
                0x00000000       0x1d c:/program files (x86)/embedded toolchain/gnu tools arm embedded/7 2017-q4-major/bin/../lib/gcc/arm-none-eabi/7.2.1/thumb/v7-m/crti.o
 .ARM.attributes
                0x0000001d       0x2d c:/program files (x86)/embedded toolchain/gnu tools arm embedded/7 2017-q4-major/bin/../lib/gcc/arm-none-eabi/7.2.1/thumb/v7-m/crtbegin.o
 .ARM.attributes
                0x0000004a       0x33 build/stm32f1xx_hal.o
 .ARM.attributes
                0x0000007d       0x33 build/stm32f1xx_hal_adc.o
 .ARM.attributes
                0x000000b0       0x33 build/stm32f1xx_hal_adc_ex.o
 .ARM.attributes
                0x000000e3       0x33 build/stm32f1xx_hal_cortex.o
 .ARM.attributes
                0x00000116       0x33 build/stm32f1xx_hal_dma.o
 .ARM.attributes
                0x00000149       0x33 build/stm32f1xx_hal_gpio.o
 .ARM.attributes
                0x0000017c       0x33 build/stm32f1xx_hal_i2c.o
 .ARM.attributes
                0x000001af       0x33 build/stm32f1xx_hal_pcd.o
 .ARM.attributes
                0x000001e2       0x33 build/stm32f1xx_hal_rcc.o
 .ARM.attributes
                0x00000215       0x33 build/stm32f1xx_hal_rcc_ex.o
 .ARM.attributes
                0x00000248       0x33 build/stm32f1xx_hal_spi.o
 .ARM.attributes
                0x0000027b       0x33 build/stm32f1xx_hal_spi_ex.o
 .ARM.attributes
                0x000002ae       0x33 build/stm32f1xx_hal_tim.o
 .ARM.attributes
                0x000002e1       0x33 build/stm32f1xx_hal_tim_ex.o
 .ARM.attributes
                0x00000314       0x33 build/stm32f1xx_hal_uart.o
 .ARM.attributes
                0x00000347       0x33 build/stm32f1xx_ll_usb.o
 .ARM.attributes
                0x0000037a       0x33 build/diskio.o
 .ARM.attributes
                0x000003ad       0x33 build/ff.o
 .ARM.attributes
                0x000003e0       0x33 build/stm32_ff_link.o
 .ARM.attributes
                0x00000413       0x33 build/adc.o
 .ARM.attributes
                0x00000446       0x33 build/dma.o
 .ARM.attributes
                0x00000479       0x33 build/gpio.o
 .ARM.attributes
                0x000004ac       0x33 build/i2c.o
 .ARM.attributes
                0x000004df       0x33 build/main.o
 .ARM.attributes
                0x00000512       0x33 build/spi.o
 .ARM.attributes
                0x00000545       0x33 build/stm32f1xx_hal_msp.o
 .ARM.attributes
                0x00000578       0x33 build/stm32f1xx_it.o
 .ARM.attributes
                0x000005ab       0x33 build/system_stm32f1xx.o
 .ARM.attributes
                0x000005de       0x33 build/tim.o
 .ARM.attributes
                0x00000611       0x33 build/usart.o
 .ARM.attributes
                0x00000644       0x33 build/usb.o
 .ARM.attributes
                0x00000677       0x33 build/syscalls.o
 .ARM.attributes
                0x000006aa       0x21 build/startup_stm32f103xb.o
 .ARM.attributes
                0x000006cb       0x2d c:/program files (x86)/embedded toolchain/gnu tools arm embedded/7 2017-q4-major/bin/../lib/gcc/arm-none-eabi/7.2.1/../../../../arm-none-eabi/lib/thumb/v7-m\libc_nano.a(lib_a-errno.o)
 .ARM.attributes
                0x000006f8       0x2d c:/program files (x86)/embedded toolchain/gnu tools arm embedded/7 2017-q4-major/bin/../lib/gcc/arm-none-eabi/7.2.1/../../../../arm-none-eabi/lib/thumb/v7-m\libc_nano.a(lib_a-impure.o)
 .ARM.attributes
                0x00000725       0x2d c:/program files (x86)/embedded toolchain/gnu tools arm embedded/7 2017-q4-major/bin/../lib/gcc/arm-none-eabi/7.2.1/../../../../arm-none-eabi/lib/thumb/v7-m\libc_nano.a(lib_a-init.o)
 .ARM.attributes
                0x00000752       0x2d c:/program files (x86)/embedded toolchain/gnu tools arm embedded/7 2017-q4-major/bin/../lib/gcc/arm-none-eabi/7.2.1/../../../../arm-none-eabi/lib/thumb/v7-m\libc_nano.a(lib_a-malloc.o)
 .ARM.attributes
                0x0000077f       0x2d c:/program files (x86)/embedded toolchain/gnu tools arm embedded/7 2017-q4-major/bin/../lib/gcc/arm-none-eabi/7.2.1/../../../../arm-none-eabi/lib/thumb/v7-m\libc_nano.a(lib_a-memcpy-stub.o)
 .ARM.attributes
                0x000007ac       0x2d c:/program files (x86)/embedded toolchain/gnu tools arm embedded/7 2017-q4-major/bin/../lib/gcc/arm-none-eabi/7.2.1/../../../../arm-none-eabi/lib/thumb/v7-m\libc_nano.a(lib_a-memset.o)
 .ARM.attributes
                0x000007d9       0x2d c:/program files (x86)/embedded toolchain/gnu tools arm embedded/7 2017-q4-major/bin/../lib/gcc/arm-none-eabi/7.2.1/../../../../arm-none-eabi/lib/thumb/v7-m\libc_nano.a(lib_a-nano-freer.o)
 .ARM.attributes
                0x00000806       0x2d c:/program files (x86)/embedded toolchain/gnu tools arm embedded/7 2017-q4-major/bin/../lib/gcc/arm-none-eabi/7.2.1/../../../../arm-none-eabi/lib/thumb/v7-m\libc_nano.a(lib_a-nano-mallocr.o)
 .ARM.attributes
                0x00000833       0x2d c:/program files (x86)/embedded toolchain/gnu tools arm embedded/7 2017-q4-major/bin/../lib/gcc/arm-none-eabi/7.2.1/../../../../arm-none-eabi/lib/thumb/v7-m\libc_nano.a(lib_a-sbrkr.o)
 .ARM.attributes
                0x00000860       0x2d c:/program files (x86)/embedded toolchain/gnu tools arm embedded/7 2017-q4-major/bin/../lib/gcc/arm-none-eabi/7.2.1/../../../../arm-none-eabi/lib/thumb/v7-m\libc_nano.a(lib_a-sprintf.o)
 .ARM.attributes
                0x0000088d       0x17 c:/program files (x86)/embedded toolchain/gnu tools arm embedded/7 2017-q4-major/bin/../lib/gcc/arm-none-eabi/7.2.1/../../../../arm-none-eabi/lib/thumb/v7-m\libc_nano.a(lib_a-strlen.o)
 .ARM.attributes
                0x000008a4       0x2d c:/program files (x86)/embedded toolchain/gnu tools arm embedded/7 2017-q4-major/bin/../lib/gcc/arm-none-eabi/7.2.1/../../../../arm-none-eabi/lib/thumb/v7-m\libc_nano.a(lib_a-mlock.o)
 .ARM.attributes
                0x000008d1       0x2d c:/program files (x86)/embedded toolchain/gnu tools arm embedded/7 2017-q4-major/bin/../lib/gcc/arm-none-eabi/7.2.1/../../../../arm-none-eabi/lib/thumb/v7-m\libc_nano.a(lib_a-nano-svfprintf.o)
 .ARM.attributes
                0x000008fe       0x2d c:/program files (x86)/embedded toolchain/gnu tools arm embedded/7 2017-q4-major/bin/../lib/gcc/arm-none-eabi/7.2.1/../../../../arm-none-eabi/lib/thumb/v7-m\libc_nano.a(lib_a-nano-vfprintf_i.o)
 .ARM.attributes
                0x0000092b       0x2d c:/program files (x86)/embedded toolchain/gnu tools arm embedded/7 2017-q4-major/bin/../lib/gcc/arm-none-eabi/7.2.1/../../../../arm-none-eabi/lib/thumb/v7-m\libc_nano.a(lib_a-reent.o)
 .ARM.attributes
                0x00000958       0x2d c:/program files (x86)/embedded toolchain/gnu tools arm embedded/7 2017-q4-major/bin/../lib/gcc/arm-none-eabi/7.2.1/../../../../arm-none-eabi/lib/thumb/v7-m\libc_nano.a(lib_a-memchr-stub.o)
 .ARM.attributes
                0x00000985       0x2d c:/program files (x86)/embedded toolchain/gnu tools arm embedded/7 2017-q4-major/bin/../lib/gcc/arm-none-eabi/7.2.1/../../../../arm-none-eabi/lib/thumb/v7-m\libc_nano.a(lib_a-memmove.o)
 .ARM.attributes
                0x000009b2       0x2d c:/program files (x86)/embedded toolchain/gnu tools arm embedded/7 2017-q4-major/bin/../lib/gcc/arm-none-eabi/7.2.1/../../../../arm-none-eabi/lib/thumb/v7-m\libc_nano.a(lib_a-nano-reallocr.o)
 .ARM.attributes
                0x000009df       0x2d c:/program files (x86)/embedded toolchain/gnu tools arm embedded/7 2017-q4-major/bin/../lib/gcc/arm-none-eabi/7.2.1/../../../../arm-none-eabi/lib/thumb/v7-m\libc_nano.a(lib_a-nano-msizer.o)
 .ARM.attributes
                0x00000a0c       0x1d c:/program files (x86)/embedded toolchain/gnu tools arm embedded/7 2017-q4-major/bin/../lib/gcc/arm-none-eabi/7.2.1/thumb/v7-m/crtn.o
OUTPUT(build/stm32f103TemplateProject.elf elf32-littlearm)

.debug_info     0x00000000    0x3375b
 .debug_info    0x00000000     0x113a build/stm32f1xx_hal.o
 .debug_info    0x0000113a     0x186c build/stm32f1xx_hal_adc.o
 .debug_info    0x000029a6     0x1557 build/stm32f1xx_hal_adc_ex.o
 .debug_info    0x00003efd     0x1646 build/stm32f1xx_hal_cortex.o
 .debug_info    0x00005543     0x11b8 build/stm32f1xx_hal_dma.o
 .debug_info    0x000066fb     0x101e build/stm32f1xx_hal_gpio.o
 .debug_info    0x00007719     0x3a8d build/stm32f1xx_hal_i2c.o
 .debug_info    0x0000b1a6     0x1c38 build/stm32f1xx_hal_pcd.o
 .debug_info    0x0000cdde     0x13cd build/stm32f1xx_hal_rcc.o
 .debug_info    0x0000e1ab      0xdcc build/stm32f1xx_hal_rcc_ex.o
 .debug_info    0x0000ef77     0x23e9 build/stm32f1xx_hal_spi.o
 .debug_info    0x00011360      0xfd7 build/stm32f1xx_hal_spi_ex.o
 .debug_info    0x00012337     0x3a49 build/stm32f1xx_hal_tim.o
 .debug_info    0x00015d80     0x1d2f build/stm32f1xx_hal_tim_ex.o
 .debug_info    0x00017aaf     0x2110 build/stm32f1xx_hal_uart.o
 .debug_info    0x00019bbf     0x1937 build/stm32f1xx_ll_usb.o
 .debug_info    0x0001b4f6     0x16aa build/diskio.o
 .debug_info    0x0001cba0     0x39e2 build/ff.o
 .debug_info    0x00020582     0x2bea build/stm32_ff_link.o
 .debug_info    0x0002316c     0x150b build/adc.o
 .debug_info    0x00024677      0xd44 build/dma.o
 .debug_info    0x000253bb      0xdc7 build/gpio.o
 .debug_info    0x00026182     0x1480 build/i2c.o
 .debug_info    0x00027602     0x30a2 build/main.o
 .debug_info    0x0002a6a4     0x126a build/spi.o
 .debug_info    0x0002b90e      0xbfb build/stm32f1xx_hal_msp.o
 .debug_info    0x0002c509     0x191d build/stm32f1xx_it.o
 .debug_info    0x0002de26      0xd8f build/system_stm32f1xx.o
 .debug_info    0x0002ebb5     0x13c6 build/tim.o
 .debug_info    0x0002ff7b     0x152c build/usart.o
 .debug_info    0x000314a7     0x10ac build/usb.o
 .debug_info    0x00032553     0x1208 build/syscalls.o

.debug_abbrev   0x00000000     0x5752
 .debug_abbrev  0x00000000      0x2fd build/stm32f1xx_hal.o
 .debug_abbrev  0x000002fd      0x2a0 build/stm32f1xx_hal_adc.o
 .debug_abbrev  0x0000059d      0x2d1 build/stm32f1xx_hal_adc_ex.o
 .debug_abbrev  0x0000086e      0x3d3 build/stm32f1xx_hal_cortex.o
 .debug_abbrev  0x00000c41      0x2e3 build/stm32f1xx_hal_dma.o
 .debug_abbrev  0x00000f24      0x2be build/stm32f1xx_hal_gpio.o
 .debug_abbrev  0x000011e2      0x33a build/stm32f1xx_hal_i2c.o
 .debug_abbrev  0x0000151c      0x370 build/stm32f1xx_hal_pcd.o
 .debug_abbrev  0x0000188c      0x332 build/stm32f1xx_hal_rcc.o
 .debug_abbrev  0x00001bbe      0x296 build/stm32f1xx_hal_rcc_ex.o
 .debug_abbrev  0x00001e54      0x311 build/stm32f1xx_hal_spi.o
 .debug_abbrev  0x00002165      0x1eb build/stm32f1xx_hal_spi_ex.o
 .debug_abbrev  0x00002350      0x31f build/stm32f1xx_hal_tim.o
 .debug_abbrev  0x0000266f      0x2f8 build/stm32f1xx_hal_tim_ex.o
 .debug_abbrev  0x00002967      0x338 build/stm32f1xx_hal_uart.o
 .debug_abbrev  0x00002c9f      0x2da build/stm32f1xx_ll_usb.o
 .debug_abbrev  0x00002f79      0x29e build/diskio.o
 .debug_abbrev  0x00003217      0x338 build/ff.o
 .debug_abbrev  0x0000354f      0x386 build/stm32_ff_link.o
 .debug_abbrev  0x000038d5      0x260 build/adc.o
 .debug_abbrev  0x00003b35      0x216 build/dma.o
 .debug_abbrev  0x00003d4b      0x20d build/gpio.o
 .debug_abbrev  0x00003f58      0x24f build/i2c.o
 .debug_abbrev  0x000041a7      0x38e build/main.o
 .debug_abbrev  0x00004535      0x246 build/spi.o
 .debug_abbrev  0x0000477b      0x1de build/stm32f1xx_hal_msp.o
 .debug_abbrev  0x00004959      0x21d build/stm32f1xx_it.o
 .debug_abbrev  0x00004b76      0x209 build/system_stm32f1xx.o
 .debug_abbrev  0x00004d7f      0x260 build/tim.o
 .debug_abbrev  0x00004fdf      0x260 build/usart.o
 .debug_abbrev  0x0000523f      0x260 build/usb.o
 .debug_abbrev  0x0000549f      0x2b3 build/syscalls.o

.debug_loc      0x00000000    0x18486
 .debug_loc     0x00000000      0x19d build/stm32f1xx_hal.o
 .debug_loc     0x0000019d      0xd12 build/stm32f1xx_hal_adc.o
 .debug_loc     0x00000eaf      0x9b6 build/stm32f1xx_hal_adc_ex.o
 .debug_loc     0x00001865      0x63d build/stm32f1xx_hal_cortex.o
 .debug_loc     0x00001ea2      0x8da build/stm32f1xx_hal_dma.o
 .debug_loc     0x0000277c      0x516 build/stm32f1xx_hal_gpio.o
 .debug_loc     0x00002c92     0x3d23 build/stm32f1xx_hal_i2c.o
 .debug_loc     0x000069b5      0xd48 build/stm32f1xx_hal_pcd.o
 .debug_loc     0x000076fd      0x68e build/stm32f1xx_hal_rcc.o
 .debug_loc     0x00007d8b      0x358 build/stm32f1xx_hal_rcc_ex.o
 .debug_loc     0x000080e3     0x201c build/stm32f1xx_hal_spi.o
 .debug_loc     0x0000a0ff       0x79 build/stm32f1xx_hal_spi_ex.o
 .debug_loc     0x0000a178     0x40e2 build/stm32f1xx_hal_tim.o
 .debug_loc     0x0000e25a     0x13ca build/stm32f1xx_hal_tim_ex.o
 .debug_loc     0x0000f624     0x19dd build/stm32f1xx_hal_uart.o
 .debug_loc     0x00011001      0xd39 build/stm32f1xx_ll_usb.o
 .debug_loc     0x00011d3a      0x3b3 build/diskio.o
 .debug_loc     0x000120ed     0x43ad build/ff.o
 .debug_loc     0x0001649a      0xd72 build/stm32_ff_link.o
 .debug_loc     0x0001720c      0x10b build/adc.o
 .debug_loc     0x00017317       0x38 build/dma.o
 .debug_loc     0x0001734f       0x39 build/gpio.o
 .debug_loc     0x00017388       0xf8 build/i2c.o
 .debug_loc     0x00017480      0x4eb build/main.o
 .debug_loc     0x0001796b       0xf8 build/spi.o
 .debug_loc     0x00017a63       0x2c build/stm32f1xx_hal_msp.o
 .debug_loc     0x00017a8f      0x120 build/stm32f1xx_it.o
 .debug_loc     0x00017baf       0xdf build/system_stm32f1xx.o
 .debug_loc     0x00017c8e       0xf7 build/tim.o
 .debug_loc     0x00017d85      0x144 build/usart.o
 .debug_loc     0x00017ec9       0x4c build/usb.o
 .debug_loc     0x00017f15      0x571 build/syscalls.o

.debug_aranges  0x00000000     0x1760
 .debug_aranges
                0x00000000       0xd0 build/stm32f1xx_hal.o
 .debug_aranges
                0x000000d0       0xf0 build/stm32f1xx_hal_adc.o
 .debug_aranges
                0x000001c0       0x80 build/stm32f1xx_hal_adc_ex.o
 .debug_aranges
                0x00000240       0x90 build/stm32f1xx_hal_cortex.o
 .debug_aranges
                0x000002d0       0x80 build/stm32f1xx_hal_dma.o
 .debug_aranges
                0x00000350       0x58 build/stm32f1xx_hal_gpio.o
 .debug_aranges
                0x000003a8      0x268 build/stm32f1xx_hal_i2c.o
 .debug_aranges
                0x00000610      0x120 build/stm32f1xx_hal_pcd.o
 .debug_aranges
                0x00000730       0x90 build/stm32f1xx_hal_rcc.o
 .debug_aranges
                0x000007c0       0x30 build/stm32f1xx_hal_rcc_ex.o
 .debug_aranges
                0x000007f0      0x1d0 build/stm32f1xx_hal_spi.o
 .debug_aranges
                0x000009c0       0x20 build/stm32f1xx_hal_spi_ex.o
 .debug_aranges
                0x000009e0      0x368 build/stm32f1xx_hal_tim.o
 .debug_aranges
                0x00000d48      0x138 build/stm32f1xx_hal_tim_ex.o
 .debug_aranges
                0x00000e80      0x1d0 build/stm32f1xx_hal_uart.o
 .debug_aranges
                0x00001050      0x100 build/stm32f1xx_ll_usb.o
 .debug_aranges
                0x00001150       0x48 build/diskio.o
 .debug_aranges
                0x00001198      0x1a0 build/ff.o
 .debug_aranges
                0x00001338       0xd8 build/stm32_ff_link.o
 .debug_aranges
                0x00001410       0x30 build/adc.o
 .debug_aranges
                0x00001440       0x20 build/dma.o
 .debug_aranges
                0x00001460       0x20 build/gpio.o
 .debug_aranges
                0x00001480       0x30 build/i2c.o
 .debug_aranges
                0x000014b0       0x48 build/main.o
 .debug_aranges
                0x000014f8       0x30 build/spi.o
 .debug_aranges
                0x00001528       0x20 build/stm32f1xx_hal_msp.o
 .debug_aranges
                0x00001548       0xa0 build/stm32f1xx_it.o
 .debug_aranges
                0x000015e8       0x28 build/system_stm32f1xx.o
 .debug_aranges
                0x00001610       0x30 build/tim.o
 .debug_aranges
                0x00001640       0x38 build/usart.o
 .debug_aranges
                0x00001678       0x30 build/usb.o
 .debug_aranges
                0x000016a8       0xb8 build/syscalls.o

.debug_ranges   0x00000000     0x1820
 .debug_ranges  0x00000000       0xc0 build/stm32f1xx_hal.o
 .debug_ranges  0x000000c0       0xe0 build/stm32f1xx_hal_adc.o
 .debug_ranges  0x000001a0       0x70 build/stm32f1xx_hal_adc_ex.o
 .debug_ranges  0x00000210       0xe0 build/stm32f1xx_hal_cortex.o
 .debug_ranges  0x000002f0       0x70 build/stm32f1xx_hal_dma.o
 .debug_ranges  0x00000360       0x48 build/stm32f1xx_hal_gpio.o
 .debug_ranges  0x000003a8      0x258 build/stm32f1xx_hal_i2c.o
 .debug_ranges  0x00000600      0x140 build/stm32f1xx_hal_pcd.o
 .debug_ranges  0x00000740       0xa0 build/stm32f1xx_hal_rcc.o
 .debug_ranges  0x000007e0       0x38 build/stm32f1xx_hal_rcc_ex.o
 .debug_ranges  0x00000818      0x1c0 build/stm32f1xx_hal_spi.o
 .debug_ranges  0x000009d8       0x10 build/stm32f1xx_hal_spi_ex.o
 .debug_ranges  0x000009e8      0x358 build/stm32f1xx_hal_tim.o
 .debug_ranges  0x00000d40      0x128 build/stm32f1xx_hal_tim_ex.o
 .debug_ranges  0x00000e68      0x1c0 build/stm32f1xx_hal_uart.o
 .debug_ranges  0x00001028      0x1e0 build/stm32f1xx_ll_usb.o
 .debug_ranges  0x00001208       0x38 build/diskio.o
 .debug_ranges  0x00001240      0x190 build/ff.o
 .debug_ranges  0x000013d0       0xc8 build/stm32_ff_link.o
 .debug_ranges  0x00001498       0x20 build/adc.o
 .debug_ranges  0x000014b8       0x10 build/dma.o
 .debug_ranges  0x000014c8       0x10 build/gpio.o
 .debug_ranges  0x000014d8       0x20 build/i2c.o
 .debug_ranges  0x000014f8      0x140 build/main.o
 .debug_ranges  0x00001638       0x20 build/spi.o
 .debug_ranges  0x00001658       0x10 build/stm32f1xx_hal_msp.o
 .debug_ranges  0x00001668       0x90 build/stm32f1xx_it.o
 .debug_ranges  0x000016f8       0x18 build/system_stm32f1xx.o
 .debug_ranges  0x00001710       0x20 build/tim.o
 .debug_ranges  0x00001730       0x28 build/usart.o
 .debug_ranges  0x00001758       0x20 build/usb.o
 .debug_ranges  0x00001778       0xa8 build/syscalls.o

.debug_line     0x00000000     0xd2ec
 .debug_line    0x00000000      0x482 build/stm32f1xx_hal.o
 .debug_line    0x00000482      0x86a build/stm32f1xx_hal_adc.o
 .debug_line    0x00000cec      0x6bc build/stm32f1xx_hal_adc_ex.o
 .debug_line    0x000013a8      0x478 build/stm32f1xx_hal_cortex.o
 .debug_line    0x00001820      0x657 build/stm32f1xx_hal_dma.o
 .debug_line    0x00001e77      0x48c build/stm32f1xx_hal_gpio.o
 .debug_line    0x00002303     0x157a build/stm32f1xx_hal_i2c.o
 .debug_line    0x0000387d      0x7dc build/stm32f1xx_hal_pcd.o
 .debug_line    0x00004059      0x5ed build/stm32f1xx_hal_rcc.o
 .debug_line    0x00004646      0x3ae build/stm32f1xx_hal_rcc_ex.o
 .debug_line    0x000049f4      0xcec build/stm32f1xx_hal_spi.o
 .debug_line    0x000056e0      0x30f build/stm32f1xx_hal_spi_ex.o
 .debug_line    0x000059ef     0x12d4 build/stm32f1xx_hal_tim.o
 .debug_line    0x00006cc3      0x88e build/stm32f1xx_hal_tim_ex.o
 .debug_line    0x00007551      0xbee build/stm32f1xx_hal_uart.o
 .debug_line    0x0000813f      0x70c build/stm32f1xx_ll_usb.o
 .debug_line    0x0000884b      0x399 build/diskio.o
 .debug_line    0x00008be4     0x1014 build/ff.o
 .debug_line    0x00009bf8      0x79d build/stm32_ff_link.o
 .debug_line    0x0000a395      0x386 build/adc.o
 .debug_line    0x0000a71b      0x2a1 build/dma.o
 .debug_line    0x0000a9bc      0x2ba build/gpio.o
 .debug_line    0x0000ac76      0x356 build/i2c.o
 .debug_line    0x0000afcc      0x817 build/main.o
 .debug_line    0x0000b7e3      0x33d build/spi.o
 .debug_line    0x0000bb20      0x292 build/stm32f1xx_hal_msp.o
 .debug_line    0x0000bdb2      0x42a build/stm32f1xx_it.o
 .debug_line    0x0000c1dc      0x2dd build/system_stm32f1xx.o
 .debug_line    0x0000c4b9      0x352 build/tim.o
 .debug_line    0x0000c80b      0x3aa build/usart.o
 .debug_line    0x0000cbb5      0x31b build/usb.o
 .debug_line    0x0000ced0      0x41c build/syscalls.o

.debug_str      0x00000000     0x67c8
 .debug_str     0x00000000      0xb76 build/stm32f1xx_hal.o
                                0xc3d (size before relaxing)
 .debug_str     0x00000b76      0x623 build/stm32f1xx_hal_adc.o
                                0xd59 (size before relaxing)
 .debug_str     0x00001199      0x28e build/stm32f1xx_hal_adc_ex.o
                                0xd0c (size before relaxing)
 .debug_str     0x00001427      0x2de build/stm32f1xx_hal_cortex.o
                                0xd65 (size before relaxing)
 .debug_str     0x00001705      0x21d build/stm32f1xx_hal_dma.o
                                0xac9 (size before relaxing)
 .debug_str     0x00001922      0x1c8 build/stm32f1xx_hal_gpio.o
                                0x8d2 (size before relaxing)
 .debug_str     0x00001aea      0xa4b build/stm32f1xx_hal_i2c.o
                               0x1368 (size before relaxing)
 .debug_str     0x00002535      0x7a0 build/stm32f1xx_hal_pcd.o
                                0xecc (size before relaxing)
 .debug_str     0x00002cd5      0x2ed build/stm32f1xx_hal_rcc.o
                                0xaa9 (size before relaxing)
 .debug_str     0x00002fc2      0x10d build/stm32f1xx_hal_rcc_ex.o
                                0x88d (size before relaxing)
 .debug_str     0x000030cf      0x68f build/stm32f1xx_hal_spi.o
                                0xfa5 (size before relaxing)
 .debug_str     0x0000375e       0x38 build/stm32f1xx_hal_spi_ex.o
                                0xa8d (size before relaxing)
 .debug_str     0x00003796      0xf02 build/stm32f1xx_hal_tim.o
                               0x1801 (size before relaxing)
 .debug_str     0x00004698      0x4ee build/stm32f1xx_hal_tim_ex.o
                               0x10a3 (size before relaxing)
 .debug_str     0x00004b86      0x672 build/stm32f1xx_hal_uart.o
                               0x101a (size before relaxing)
 .debug_str     0x000051f8      0x14c build/stm32f1xx_ll_usb.o
                                0xbca (size before relaxing)
 .debug_str     0x00005344      0x3e6 build/diskio.o
                                0xe10 (size before relaxing)
 .debug_str     0x0000572a      0x4b7 build/ff.o
                                0xbf5 (size before relaxing)
 .debug_str     0x00005be1      0x45e build/stm32_ff_link.o
                               0x12f2 (size before relaxing)
 .debug_str     0x0000603f       0x4f build/adc.o
                                0xdf9 (size before relaxing)
 .debug_str     0x0000608e       0x16 build/dma.o
                                0x9a7 (size before relaxing)
 .debug_str     0x000060a4       0x18 build/gpio.o
                                0x744 (size before relaxing)
 .debug_str     0x000060bc       0x27 build/i2c.o
                                0xefa (size before relaxing)
 .debug_str     0x000060e3      0x227 build/main.o
                               0x1a81 (size before relaxing)
 .debug_str     0x0000630a       0x14 build/spi.o
                                0xb2c (size before relaxing)
 .debug_str     0x0000631e       0x18 build/stm32f1xx_hal_msp.o
                                0x6e6 (size before relaxing)
 .debug_str     0x00006336      0x166 build/stm32f1xx_it.o
                               0x1128 (size before relaxing)
 .debug_str     0x0000649c       0x4a build/system_stm32f1xx.o
                                0x73b (size before relaxing)
 .debug_str     0x000064e6       0x19 build/tim.o
                                0xede (size before relaxing)
 .debug_str     0x000064ff       0x17 build/usart.o
                                0xe79 (size before relaxing)
 .debug_str     0x00006516       0x14 build/usb.o
                                0xa23 (size before relaxing)
 .debug_str     0x0000652a      0x29e build/syscalls.o
                                0x8ad (size before relaxing)

.comment        0x00000000       0x7e
 .comment       0x00000000       0x7e build/stm32f1xx_hal.o
                                 0x7f (size before relaxing)
 .comment       0x0000007e       0x7f build/stm32f1xx_hal_adc.o
 .comment       0x0000007e       0x7f build/stm32f1xx_hal_adc_ex.o
 .comment       0x0000007e       0x7f build/stm32f1xx_hal_cortex.o
 .comment       0x0000007e       0x7f build/stm32f1xx_hal_dma.o
 .comment       0x0000007e       0x7f build/stm32f1xx_hal_gpio.o
 .comment       0x0000007e       0x7f build/stm32f1xx_hal_i2c.o
 .comment       0x0000007e       0x7f build/stm32f1xx_hal_pcd.o
 .comment       0x0000007e       0x7f build/stm32f1xx_hal_rcc.o
 .comment       0x0000007e       0x7f build/stm32f1xx_hal_rcc_ex.o
 .comment       0x0000007e       0x7f build/stm32f1xx_hal_spi.o
 .comment       0x0000007e       0x7f build/stm32f1xx_hal_spi_ex.o
 .comment       0x0000007e       0x7f build/stm32f1xx_hal_tim.o
 .comment       0x0000007e       0x7f build/stm32f1xx_hal_tim_ex.o
 .comment       0x0000007e       0x7f build/stm32f1xx_hal_uart.o
 .comment       0x0000007e       0x7f build/stm32f1xx_ll_usb.o
 .comment       0x0000007e       0x7f build/diskio.o
 .comment       0x0000007e       0x7f build/ff.o
 .comment       0x0000007e       0x7f build/stm32_ff_link.o
 .comment       0x0000007e       0x7f build/adc.o
 .comment       0x0000007e       0x7f build/dma.o
 .comment       0x0000007e       0x7f build/gpio.o
 .comment       0x0000007e       0x7f build/i2c.o
 .comment       0x0000007e       0x7f build/main.o
 .comment       0x0000007e       0x7f build/spi.o
 .comment       0x0000007e       0x7f build/stm32f1xx_hal_msp.o
 .comment       0x0000007e       0x7f build/stm32f1xx_it.o
 .comment       0x0000007e       0x7f build/system_stm32f1xx.o
 .comment       0x0000007e       0x7f build/tim.o
 .comment       0x0000007e       0x7f build/usart.o
 .comment       0x0000007e       0x7f build/usb.o
 .comment       0x0000007e       0x7f build/syscalls.o

.debug_frame    0x00000000     0x4cf8
 .debug_frame   0x00000000      0x1c0 build/stm32f1xx_hal.o
 .debug_frame   0x000001c0      0x31c build/stm32f1xx_hal_adc.o
 .debug_frame   0x000004dc      0x1c4 build/stm32f1xx_hal_adc_ex.o
 .debug_frame   0x000006a0      0x13c build/stm32f1xx_hal_cortex.o
 .debug_frame   0x000007dc      0x168 build/stm32f1xx_hal_dma.o
 .debug_frame   0x00000944       0xe8 build/stm32f1xx_hal_gpio.o
 .debug_frame   0x00000a2c      0x97c build/stm32f1xx_hal_i2c.o
 .debug_frame   0x000013a8      0x350 build/stm32f1xx_hal_pcd.o
 .debug_frame   0x000016f8      0x194 build/stm32f1xx_hal_rcc.o
 .debug_frame   0x0000188c       0x74 build/stm32f1xx_hal_rcc_ex.o
 .debug_frame   0x00001900      0x5fc build/stm32f1xx_hal_spi.o
 .debug_frame   0x00001efc       0x30 build/stm32f1xx_hal_spi_ex.o
 .debug_frame   0x00001f2c      0xb1c build/stm32f1xx_hal_tim.o
 .debug_frame   0x00002a48      0x3e4 build/stm32f1xx_hal_tim_ex.o
 .debug_frame   0x00002e2c      0x57c build/stm32f1xx_hal_uart.o
 .debug_frame   0x000033a8      0x250 build/stm32f1xx_ll_usb.o
 .debug_frame   0x000035f8       0xb8 build/diskio.o
 .debug_frame   0x000036b0      0x770 build/ff.o
 .debug_frame   0x00003e20      0x34c build/stm32_ff_link.o
 .debug_frame   0x0000416c       0x74 build/adc.o
 .debug_frame   0x000041e0       0x2c build/dma.o
 .debug_frame   0x0000420c       0x44 build/gpio.o
 .debug_frame   0x00004250       0x6c build/i2c.o
 .debug_frame   0x000042bc       0xd0 build/main.o
 .debug_frame   0x0000438c       0x6c build/spi.o
 .debug_frame   0x000043f8       0x28 build/stm32f1xx_hal_msp.o
 .debug_frame   0x00004420      0x18c build/stm32f1xx_it.o
 .debug_frame   0x000045ac       0x30 build/system_stm32f1xx.o
 .debug_frame   0x000045dc       0x68 build/tim.o
 .debug_frame   0x00004644       0x90 build/usart.o
 .debug_frame   0x000046d4       0x54 build/usb.o
 .debug_frame   0x00004728      0x1e8 build/syscalls.o
 .debug_frame   0x00004910       0x20 c:/program files (x86)/embedded toolchain/gnu tools arm embedded/7 2017-q4-major/bin/../lib/gcc/arm-none-eabi/7.2.1/../../../../arm-none-eabi/lib/thumb/v7-m\libc_nano.a(lib_a-errno.o)
 .debug_frame   0x00004930       0x2c c:/program files (x86)/embedded toolchain/gnu tools arm embedded/7 2017-q4-major/bin/../lib/gcc/arm-none-eabi/7.2.1/../../../../arm-none-eabi/lib/thumb/v7-m\libc_nano.a(lib_a-init.o)
 .debug_frame   0x0000495c       0x30 c:/program files (x86)/embedded toolchain/gnu tools arm embedded/7 2017-q4-major/bin/../lib/gcc/arm-none-eabi/7.2.1/../../../../arm-none-eabi/lib/thumb/v7-m\libc_nano.a(lib_a-malloc.o)
 .debug_frame   0x0000498c       0x28 c:/program files (x86)/embedded toolchain/gnu tools arm embedded/7 2017-q4-major/bin/../lib/gcc/arm-none-eabi/7.2.1/../../../../arm-none-eabi/lib/thumb/v7-m\libc_nano.a(lib_a-memcpy-stub.o)
 .debug_frame   0x000049b4       0x20 c:/program files (x86)/embedded toolchain/gnu tools arm embedded/7 2017-q4-major/bin/../lib/gcc/arm-none-eabi/7.2.1/../../../../arm-none-eabi/lib/thumb/v7-m\libc_nano.a(lib_a-memset.o)
 .debug_frame   0x000049d4       0x38 c:/program files (x86)/embedded toolchain/gnu tools arm embedded/7 2017-q4-major/bin/../lib/gcc/arm-none-eabi/7.2.1/../../../../arm-none-eabi/lib/thumb/v7-m\libc_nano.a(lib_a-nano-freer.o)
 .debug_frame   0x00004a0c       0x2c c:/program files (x86)/embedded toolchain/gnu tools arm embedded/7 2017-q4-major/bin/../lib/gcc/arm-none-eabi/7.2.1/../../../../arm-none-eabi/lib/thumb/v7-m\libc_nano.a(lib_a-nano-mallocr.o)
 .debug_frame   0x00004a38       0x2c c:/program files (x86)/embedded toolchain/gnu tools arm embedded/7 2017-q4-major/bin/../lib/gcc/arm-none-eabi/7.2.1/../../../../arm-none-eabi/lib/thumb/v7-m\libc_nano.a(lib_a-sbrkr.o)
 .debug_frame   0x00004a64       0x6c c:/program files (x86)/embedded toolchain/gnu tools arm embedded/7 2017-q4-major/bin/../lib/gcc/arm-none-eabi/7.2.1/../../../../arm-none-eabi/lib/thumb/v7-m\libc_nano.a(lib_a-sprintf.o)
 .debug_frame   0x00004ad0       0x30 c:/program files (x86)/embedded toolchain/gnu tools arm embedded/7 2017-q4-major/bin/../lib/gcc/arm-none-eabi/7.2.1/../../../../arm-none-eabi/lib/thumb/v7-m\libc_nano.a(lib_a-mlock.o)
 .debug_frame   0x00004b00       0x90 c:/program files (x86)/embedded toolchain/gnu tools arm embedded/7 2017-q4-major/bin/../lib/gcc/arm-none-eabi/7.2.1/../../../../arm-none-eabi/lib/thumb/v7-m\libc_nano.a(lib_a-nano-svfprintf.o)
 .debug_frame   0x00004b90       0x60 c:/program files (x86)/embedded toolchain/gnu tools arm embedded/7 2017-q4-major/bin/../lib/gcc/arm-none-eabi/7.2.1/../../../../arm-none-eabi/lib/thumb/v7-m\libc_nano.a(lib_a-nano-vfprintf_i.o)
 .debug_frame   0x00004bf0       0x5c c:/program files (x86)/embedded toolchain/gnu tools arm embedded/7 2017-q4-major/bin/../lib/gcc/arm-none-eabi/7.2.1/../../../../arm-none-eabi/lib/thumb/v7-m\libc_nano.a(lib_a-reent.o)
 .debug_frame   0x00004c4c       0x28 c:/program files (x86)/embedded toolchain/gnu tools arm embedded/7 2017-q4-major/bin/../lib/gcc/arm-none-eabi/7.2.1/../../../../arm-none-eabi/lib/thumb/v7-m\libc_nano.a(lib_a-memchr-stub.o)
 .debug_frame   0x00004c74       0x28 c:/program files (x86)/embedded toolchain/gnu tools arm embedded/7 2017-q4-major/bin/../lib/gcc/arm-none-eabi/7.2.1/../../../../arm-none-eabi/lib/thumb/v7-m\libc_nano.a(lib_a-memmove.o)
 .debug_frame   0x00004c9c       0x3c c:/program files (x86)/embedded toolchain/gnu tools arm embedded/7 2017-q4-major/bin/../lib/gcc/arm-none-eabi/7.2.1/../../../../arm-none-eabi/lib/thumb/v7-m\libc_nano.a(lib_a-nano-reallocr.o)
 .debug_frame   0x00004cd8       0x20 c:/program files (x86)/embedded toolchain/gnu tools arm embedded/7 2017-q4-major/bin/../lib/gcc/arm-none-eabi/7.2.1/../../../../arm-none-eabi/lib/thumb/v7-m\libc_nano.a(lib_a-nano-msizer.o)

Cross Reference Table

Symbol                                            File
ADC1_2_IRQHandler                                 build/stm32f1xx_it.o
ADC_ConversionStop_Disable                        build/stm32f1xx_hal_adc.o
                                                  build/stm32f1xx_hal_adc_ex.o
ADC_DMAConvCplt                                   build/stm32f1xx_hal_adc.o
                                                  build/stm32f1xx_hal_adc_ex.o
ADC_DMAError                                      build/stm32f1xx_hal_adc.o
                                                  build/stm32f1xx_hal_adc_ex.o
ADC_DMAHalfConvCplt                               build/stm32f1xx_hal_adc.o
                                                  build/stm32f1xx_hal_adc_ex.o
ADC_Enable                                        build/stm32f1xx_hal_adc.o
                                                  build/stm32f1xx_hal_adc_ex.o
AHBPrescTable                                     build/system_stm32f1xx.o
                                                  build/stm32f1xx_hal_rcc.o
APBPrescTable                                     build/system_stm32f1xx.o
                                                  build/stm32f1xx_hal_rcc.o
BSP_SD_Erase                                      build/stm32_ff_link.o
BSP_SD_GetCardInfo                                build/stm32_ff_link.o
                                                  build/diskio.o
BSP_SD_GetStatus                                  build/stm32_ff_link.o
                                                  build/diskio.o
BSP_SD_Init                                       build/stm32_ff_link.o
                                                  build/diskio.o
BSP_SD_ReadBlocks                                 build/stm32_ff_link.o
                                                  build/diskio.o
BSP_SD_WriteBlocks                                build/stm32_ff_link.o
                                                  build/diskio.o
BusFault_Handler                                  build/stm32f1xx_it.o
CAN1_RX1_IRQHandler                               build/startup_stm32f103xb.o
CAN1_SCE_IRQHandler                               build/startup_stm32f103xb.o
DMA1_Channel1_IRQHandler                          build/stm32f1xx_it.o
DMA1_Channel2_IRQHandler                          build/stm32f1xx_it.o
DMA1_Channel3_IRQHandler                          build/stm32f1xx_it.o
DMA1_Channel4_IRQHandler                          build/startup_stm32f103xb.o
DMA1_Channel5_IRQHandler                          build/startup_stm32f103xb.o
DMA1_Channel6_IRQHandler                          build/startup_stm32f103xb.o
DMA1_Channel7_IRQHandler                          build/startup_stm32f103xb.o
DebugMon_Handler                                  build/stm32f1xx_it.o
Default_Handler                                   build/startup_stm32f103xb.o
EXTI0_IRQHandler                                  build/startup_stm32f103xb.o
EXTI15_10_IRQHandler                              build/startup_stm32f103xb.o
EXTI1_IRQHandler                                  build/startup_stm32f103xb.o
EXTI2_IRQHandler                                  build/startup_stm32f103xb.o
EXTI3_IRQHandler                                  build/startup_stm32f103xb.o
EXTI4_IRQHandler                                  build/startup_stm32f103xb.o
EXTI9_5_IRQHandler                                build/startup_stm32f103xb.o
Error_Handler                                     build/main.o
                                                  build/usb.o
                                                  build/usart.o
                                                  build/tim.o
                                                  build/spi.o
                                                  build/i2c.o
                                                  build/adc.o
FLASH_IRQHandler                                  build/startup_stm32f103xb.o
FLASH_PageErase                                   build/stm32f1xx_hal_flash_ex.o
                                                  build/stm32f1xx_hal_flash.o
FLASH_WaitForLastOperation                        build/stm32f1xx_hal_flash.o
                                                  build/stm32f1xx_hal_flash_ex.o
HAL_ADCEx_Calibration_Start                       build/stm32f1xx_hal_adc_ex.o
HAL_ADCEx_InjectedConfigChannel                   build/stm32f1xx_hal_adc_ex.o
HAL_ADCEx_InjectedConvCpltCallback                build/stm32f1xx_hal_adc_ex.o
                                                  build/stm32f1xx_hal_adc.o
HAL_ADCEx_InjectedGetValue                        build/stm32f1xx_hal_adc_ex.o
HAL_ADCEx_InjectedPollForConversion               build/stm32f1xx_hal_adc_ex.o
HAL_ADCEx_InjectedStart                           build/stm32f1xx_hal_adc_ex.o
HAL_ADCEx_InjectedStart_IT                        build/stm32f1xx_hal_adc_ex.o
HAL_ADCEx_InjectedStop                            build/stm32f1xx_hal_adc_ex.o
HAL_ADCEx_InjectedStop_IT                         build/stm32f1xx_hal_adc_ex.o
HAL_ADCEx_MultiModeConfigChannel                  build/stm32f1xx_hal_adc_ex.o
HAL_ADCEx_MultiModeGetValue                       build/stm32f1xx_hal_adc_ex.o
HAL_ADCEx_MultiModeStart_DMA                      build/stm32f1xx_hal_adc_ex.o
HAL_ADCEx_MultiModeStop_DMA                       build/stm32f1xx_hal_adc_ex.o
HAL_ADC_AnalogWDGConfig                           build/stm32f1xx_hal_adc.o
HAL_ADC_ConfigChannel                             build/stm32f1xx_hal_adc.o
                                                  build/adc.o
HAL_ADC_ConvCpltCallback                          build/stm32f1xx_hal_adc.o
HAL_ADC_ConvHalfCpltCallback                      build/stm32f1xx_hal_adc.o
HAL_ADC_DeInit                                    build/stm32f1xx_hal_adc.o
HAL_ADC_ErrorCallback                             build/stm32f1xx_hal_adc.o
HAL_ADC_GetError                                  build/stm32f1xx_hal_adc.o
HAL_ADC_GetState                                  build/stm32f1xx_hal_adc.o
HAL_ADC_GetValue                                  build/stm32f1xx_hal_adc.o
HAL_ADC_IRQHandler                                build/stm32f1xx_hal_adc.o
                                                  build/stm32f1xx_it.o
HAL_ADC_Init                                      build/stm32f1xx_hal_adc.o
                                                  build/adc.o
HAL_ADC_LevelOutOfWindowCallback                  build/stm32f1xx_hal_adc.o
HAL_ADC_MspDeInit                                 build/adc.o
                                                  build/stm32f1xx_hal_adc.o
HAL_ADC_MspInit                                   build/adc.o
                                                  build/stm32f1xx_hal_adc.o
HAL_ADC_PollForConversion                         build/stm32f1xx_hal_adc.o
HAL_ADC_PollForEvent                              build/stm32f1xx_hal_adc.o
HAL_ADC_Start                                     build/stm32f1xx_hal_adc.o
HAL_ADC_Start_DMA                                 build/stm32f1xx_hal_adc.o
HAL_ADC_Start_IT                                  build/stm32f1xx_hal_adc.o
HAL_ADC_Stop                                      build/stm32f1xx_hal_adc.o
HAL_ADC_Stop_DMA                                  build/stm32f1xx_hal_adc.o
HAL_ADC_Stop_IT                                   build/stm32f1xx_hal_adc.o
HAL_DBGMCU_DisableDBGSleepMode                    build/stm32f1xx_hal.o
HAL_DBGMCU_DisableDBGStandbyMode                  build/stm32f1xx_hal.o
HAL_DBGMCU_DisableDBGStopMode                     build/stm32f1xx_hal.o
HAL_DBGMCU_EnableDBGSleepMode                     build/stm32f1xx_hal.o
HAL_DBGMCU_EnableDBGStandbyMode                   build/stm32f1xx_hal.o
HAL_DBGMCU_EnableDBGStopMode                      build/stm32f1xx_hal.o
HAL_DMA_Abort                                     build/stm32f1xx_hal_dma.o
                                                  build/stm32f1xx_hal_uart.o
                                                  build/stm32f1xx_hal_tim.o
                                                  build/stm32f1xx_hal_spi.o
                                                  build/stm32f1xx_hal_adc_ex.o
                                                  build/stm32f1xx_hal_adc.o
HAL_DMA_Abort_IT                                  build/stm32f1xx_hal_dma.o
                                                  build/stm32f1xx_hal_uart.o
                                                  build/stm32f1xx_hal_spi.o
                                                  build/stm32f1xx_hal_i2c.o
HAL_DMA_DeInit                                    build/stm32f1xx_hal_dma.o
                                                  build/usart.o
                                                  build/adc.o
HAL_DMA_GetError                                  build/stm32f1xx_hal_dma.o
HAL_DMA_GetState                                  build/stm32f1xx_hal_dma.o
HAL_DMA_IRQHandler                                build/stm32f1xx_hal_dma.o
                                                  build/stm32f1xx_it.o
HAL_DMA_Init                                      build/stm32f1xx_hal_dma.o
                                                  build/usart.o
                                                  build/adc.o
HAL_DMA_PollForTransfer                           build/stm32f1xx_hal_dma.o
HAL_DMA_RegisterCallback                          build/stm32f1xx_hal_dma.o
HAL_DMA_Start                                     build/stm32f1xx_hal_dma.o
HAL_DMA_Start_IT                                  build/stm32f1xx_hal_dma.o
                                                  build/stm32f1xx_hal_uart.o
                                                  build/stm32f1xx_hal_tim_ex.o
                                                  build/stm32f1xx_hal_tim.o
                                                  build/stm32f1xx_hal_spi.o
                                                  build/stm32f1xx_hal_i2c.o
                                                  build/stm32f1xx_hal_adc_ex.o
                                                  build/stm32f1xx_hal_adc.o
HAL_DMA_UnRegisterCallback                        build/stm32f1xx_hal_dma.o
HAL_DeInit                                        build/stm32f1xx_hal.o
HAL_Delay                                         build/stm32f1xx_hal.o
                                                  build/main.o
                                                  build/stm32_ff_link.o
HAL_FLASHEx_Erase                                 build/stm32f1xx_hal_flash_ex.o
HAL_FLASHEx_Erase_IT                              build/stm32f1xx_hal_flash_ex.o
HAL_FLASHEx_OBErase                               build/stm32f1xx_hal_flash_ex.o
HAL_FLASHEx_OBGetConfig                           build/stm32f1xx_hal_flash_ex.o
HAL_FLASHEx_OBGetUserData                         build/stm32f1xx_hal_flash_ex.o
HAL_FLASHEx_OBProgram                             build/stm32f1xx_hal_flash_ex.o
HAL_FLASH_EndOfOperationCallback                  build/stm32f1xx_hal_flash.o
HAL_FLASH_GetError                                build/stm32f1xx_hal_flash.o
HAL_FLASH_IRQHandler                              build/stm32f1xx_hal_flash.o
HAL_FLASH_Lock                                    build/stm32f1xx_hal_flash.o
HAL_FLASH_OB_Launch                               build/stm32f1xx_hal_flash.o
HAL_FLASH_OB_Lock                                 build/stm32f1xx_hal_flash.o
HAL_FLASH_OB_Unlock                               build/stm32f1xx_hal_flash.o
HAL_FLASH_OperationErrorCallback                  build/stm32f1xx_hal_flash.o
HAL_FLASH_Program                                 build/stm32f1xx_hal_flash.o
HAL_FLASH_Program_IT                              build/stm32f1xx_hal_flash.o
HAL_FLASH_Unlock                                  build/stm32f1xx_hal_flash.o
HAL_GPIOEx_ConfigEventout                         build/stm32f1xx_hal_gpio_ex.o
HAL_GPIOEx_DisableEventout                        build/stm32f1xx_hal_gpio_ex.o
HAL_GPIOEx_EnableEventout                         build/stm32f1xx_hal_gpio_ex.o
HAL_GPIO_DeInit                                   build/stm32f1xx_hal_gpio.o
                                                  build/usart.o
                                                  build/spi.o
                                                  build/i2c.o